gthr-default.h:229:1:int __gthread_key_delete(__gthread_key_t)	16	static
Transmitter.cpp:5:9:static uint8_t Transmitter::get_rx_buffer()	4	static
Transmitter.cpp:10:6:static void Transmitter::report_error(std::string, int, int)	152	static
Transmitter.cpp:27:6:static void Transmitter::start_listening()	8	static
Transmitter.cpp:32:6:void HAL_UART_RxCpltCallback(UART_HandleTypeDef*)	16	static
basic_string.h:6057:5:std::__cxx11::basic_string<_CharT, _Traits, _Allocator> std::operator+(const std::__cxx11::basic_string<_CharT, _Traits, _Allocator>&, const _CharT*) [with _CharT = char; _Traits = std::char_traits<char>; _Alloc = std::allocator<char>]	24	static
basic_string.h:6121:5:std::__cxx11::basic_string<_CharT, _Traits, _Allocator> std::operator+(std::__cxx11::basic_string<_CharT, _Traits, _Allocator>&&, const _CharT*) [with _CharT = char; _Traits = std::char_traits<char>; _Alloc = std::allocator<char>]	24	static
move.h:99:5:constexpr typename std::remove_reference<_Tp>::type&& std::move(_Tp&&) [with _Tp = std::__cxx11::basic_string<char>&]	16	static
