char_traits.h:329:7:static constexpr std::size_t std::char_traits<char>::length(const char_type*)	24	static
gthr-default.h:229:1:int __gthread_key_delete(__gthread_key_t)	16	static
Transmitter.cpp:6:9:static uint8_t Transmitter::get_rx_buffer()	4	static
Transmitter.cpp:11:6:static void Transmitter::report_error(std::string)	200	static
Transmitter.cpp:27:6:static void Transmitter::start_listening()	8	static
Transmitter.cpp:32:6:static char Transmitter::receive_code_char()	8	static
Transmitter.cpp:43:6:void HAL_UART_RxCpltCallback(UART_HandleTypeDef*)	16	static
char_traits.h:100:7:static constexpr bool __gnu_cxx::char_traits<_CharT>::eq(const char_type&, const char_type&) [with _CharT = char]	16	static
char_traits.h:161:5:static constexpr std::size_t __gnu_cxx::char_traits<_CharT>::length(const char_type*) [with _CharT = char]	24	static
basic_string.h:525:7:std::__cxx11::basic_string<_CharT, _Traits, _Alloc>::basic_string(const _CharT*, const _Alloc&) [with <template-parameter-2-1> = std::allocator<char>; _CharT = char; _Traits = std::char_traits<char>; _Alloc = std::allocator<char>]	32	static
basic_string.h:6057:5:std::__cxx11::basic_string<_CharT, _Traits, _Allocator> std::operator+(const std::__cxx11::basic_string<_CharT, _Traits, _Allocator>&, const _CharT*) [with _CharT = char; _Traits = std::char_traits<char>; _Alloc = std::allocator<char>]	24	static
basic_string.h:6085:5:std::__cxx11::basic_string<_CharT, _Traits, _Allocator> std::operator+(std::__cxx11::basic_string<_CharT, _Traits, _Allocator>&&, const std::__cxx11::basic_string<_CharT, _Traits, _Allocator>&) [with _CharT = char; _Traits = std::char_traits<char>; _Alloc = std::allocator<char>]	24	static
basic_string.h:6121:5:std::__cxx11::basic_string<_CharT, _Traits, _Allocator> std::operator+(std::__cxx11::basic_string<_CharT, _Traits, _Allocator>&&, const _CharT*) [with _CharT = char; _Traits = std::char_traits<char>; _Alloc = std::allocator<char>]	24	static
basic_string.h:263:9:void std::__cxx11::basic_string<_CharT, _Traits, _Alloc>::_M_construct(_InIterator, _InIterator) [with _InIterator = const char*; _CharT = char; _Traits = std::char_traits<char>; _Alloc = std::allocator<char>]	24	static
move.h:99:5:constexpr typename std::remove_reference<_Tp>::type&& std::move(_Tp&&) [with _Tp = std::__cxx11::basic_string<char>&]	16	static
basic_string.h:243:9:void std::__cxx11::basic_string<_CharT, _Traits, _Alloc>::_M_construct_aux(_InIterator, _InIterator, std::__false_type) [with _InIterator = const char*; _CharT = char; _Traits = std::char_traits<char>; _Alloc = std::allocator<char>]	40	static
stl_iterator_base_funcs.h:138:5:constexpr typename std::iterator_traits<_Iterator>::difference_type std::distance(_InputIterator, _InputIterator) [with _InputIterator = const char*]	24	static
basic_string.tcc:206:7:void std::__cxx11::basic_string<_CharT, _Traits, _Alloc>::_M_construct(_InIterator, _InIterator, std::forward_iterator_tag) [with _FwdIterator = const char*; _CharT = char; _Traits = std::char_traits<char>; _Alloc = std::allocator<char>]	32	static
type_traits.h:152:5:bool __gnu_cxx::__is_null_pointer(_Type*) [with _Type = const char]	16	static
stl_iterator_base_types.h:205:5:constexpr typename std::iterator_traits<_Iterator>::iterator_category std::__iterator_category(const _Iter&) [with _Iter = const char*]	16	static
stl_iterator_base_funcs.h:98:5:constexpr typename std::iterator_traits<_Iterator>::difference_type std::__distance(_RandomAccessIterator, _RandomAccessIterator, std::random_access_iterator_tag) [with _RandomAccessIterator = const char*]	24	static
