new:173:33:void* operator new(std::size_t, void*)	16	static
char_traits.h:329:7:static constexpr std::size_t std::char_traits<char>::length(const char_type*)	24	static
gthr-default.h:229:1:int __gthread_key_delete(__gthread_key_t)	16	static
stl_bvector.h:148:5:std::_Bit_iterator_base::_Bit_iterator_base(std::_Bit_type*, unsigned int)	24	static
stl_bvector.h:226:5:std::_Bit_iterator::_Bit_iterator()	16	static
stl_tree.h:173:5:std::_Rb_tree_header::_Rb_tree_header()	16	static
stl_tree.h:206:5:void std::_Rb_tree_header::_M_reset()	16	static
move.h:74:5:constexpr _Tp&& std::forward(typename std::remove_reference<_Tp>::type&) [with _Tp = token_type]	16	static
stl_pair.h:208:12:std::pair<const std::__cxx11::basic_string<char>, token_type>::~pair()	16	static
stl_pair.h:341:12:constexpr std::pair<_T1, _T2>::pair(_U1&&, _U2&&) [with _U1 = const char (&)[5]; _U2 = token_type; typename std::enable_if<(std::_PCC<true, _T1, _T2>::_MoveConstructiblePair<_U1, _U2>() && std::_PCC<true, _T1, _T2>::_ImplicitlyMoveConvertiblePair<_U1, _U2>()), bool>::type <anonymous> = true; _T1 = const std::__cxx11::basic_string<char>; _T2 = token_type]	40	static
stl_pair.h:341:12:constexpr std::pair<_T1, _T2>::pair(_U1&&, _U2&&) [with _U1 = const char (&)[6]; _U2 = token_type; typename std::enable_if<(std::_PCC<true, _T1, _T2>::_MoveConstructiblePair<_U1, _U2>() && std::_PCC<true, _T1, _T2>::_ImplicitlyMoveConvertiblePair<_U1, _U2>()), bool>::type <anonymous> = true; _T1 = const std::__cxx11::basic_string<char>; _T2 = token_type]	40	static
stl_pair.h:341:12:constexpr std::pair<_T1, _T2>::pair(_U1&&, _U2&&) [with _U1 = const char (&)[7]; _U2 = token_type; typename std::enable_if<(std::_PCC<true, _T1, _T2>::_MoveConstructiblePair<_U1, _U2>() && std::_PCC<true, _T1, _T2>::_ImplicitlyMoveConvertiblePair<_U1, _U2>()), bool>::type <anonymous> = true; _T1 = const std::__cxx11::basic_string<char>; _T2 = token_type]	40	static
stl_pair.h:341:12:constexpr std::pair<_T1, _T2>::pair(_U1&&, _U2&&) [with _U1 = const char (&)[3]; _U2 = token_type; typename std::enable_if<(std::_PCC<true, _T1, _T2>::_MoveConstructiblePair<_U1, _U2>() && std::_PCC<true, _T1, _T2>::_ImplicitlyMoveConvertiblePair<_U1, _U2>()), bool>::type <anonymous> = true; _T1 = const std::__cxx11::basic_string<char>; _T2 = token_type]	40	static
stl_pair.h:341:12:constexpr std::pair<_T1, _T2>::pair(_U1&&, _U2&&) [with _U1 = const char (&)[4]; _U2 = token_type; typename std::enable_if<(std::_PCC<true, _T1, _T2>::_MoveConstructiblePair<_U1, _U2>() && std::_PCC<true, _T1, _T2>::_ImplicitlyMoveConvertiblePair<_U1, _U2>()), bool>::type <anonymous> = true; _T1 = const std::__cxx11::basic_string<char>; _T2 = token_type]	40	static
stl_map.h:300:7:std::map<_Key, _Tp, _Compare, _Alloc>::~map() [with _Key = std::__cxx11::basic_string<char>; _Tp = Symbol; _Compare = std::less<std::__cxx11::basic_string<char> >; _Alloc = std::allocator<std::pair<const std::__cxx11::basic_string<char>, Symbol> >]	16	static
Variable_handler.h:33:7:Variable_handler::~Variable_handler()	16	static
Variable_handler.cpp:5:26:void __tcf_0()	8	static
Variable_handler.cpp:3:19:static Variable_handler* Variable_handler::get_instance()	8	static
Variable_handler.cpp:9:15:symbol_value& Variable_handler::get_arg(std::string)	16	static
Variable_handler.cpp:14:15:symbol_value& Variable_handler::get_par(std::string)	16	static
Variable_handler.cpp:19:15:symbol_value& Variable_handler::get_local(std::string)	16	static
char_traits.h:100:7:static constexpr bool __gnu_cxx::char_traits<_CharT>::eq(const char_type&, const char_type&) [with _CharT = char]	16	static
char_traits.h:161:5:static constexpr std::size_t __gnu_cxx::char_traits<_CharT>::length(const char_type*) [with _CharT = char]	24	static
allocator.h:138:7:std::allocator< <template-parameter-1-1> >::allocator() [with _Tp = std::pair<const char, token_type>]	16	static
allocator.h:153:7:std::allocator< <template-parameter-1-1> >::~allocator() [with _Tp = std::pair<const char, token_type>]	16	static
stl_map.h:226:7:std::map<_Key, _Tp, _Compare, _Alloc>::map(std::initializer_list<std::pair<const _Key, _Tp> >, const _Compare&, const allocator_type&) [with _Key = char; _Tp = token_type; _Compare = std::less<char>; _Alloc = std::allocator<std::pair<const char, token_type> >]	40	static
move.h:74:5:constexpr _Tp&& std::forward(typename std::remove_reference<_Tp>::type&) [with _Tp = const char (&)[5]]	16	static
basic_string.h:525:7:std::__cxx11::basic_string<_CharT, _Traits, _Alloc>::basic_string(const _CharT*, const _Alloc&) [with <template-parameter-2-1> = std::allocator<char>; _CharT = char; _Traits = std::char_traits<char>; _Alloc = std::allocator<char>]	32	static
move.h:74:5:constexpr _Tp&& std::forward(typename std::remove_reference<_Tp>::type&) [with _Tp = const char (&)[6]]	16	static
move.h:74:5:constexpr _Tp&& std::forward(typename std::remove_reference<_Tp>::type&) [with _Tp = const char (&)[7]]	16	static
move.h:74:5:constexpr _Tp&& std::forward(typename std::remove_reference<_Tp>::type&) [with _Tp = const char (&)[3]]	16	static
move.h:74:5:constexpr _Tp&& std::forward(typename std::remove_reference<_Tp>::type&) [with _Tp = const char (&)[4]]	16	static
allocator.h:138:7:std::allocator< <template-parameter-1-1> >::allocator() [with _Tp = std::pair<const std::__cxx11::basic_string<char>, token_type>]	16	static
allocator.h:153:7:std::allocator< <template-parameter-1-1> >::~allocator() [with _Tp = std::pair<const std::__cxx11::basic_string<char>, token_type>]	16	static
stl_map.h:226:7:std::map<_Key, _Tp, _Compare, _Alloc>::map(std::initializer_list<std::pair<const _Key, _Tp> >, const _Compare&, const allocator_type&) [with _Key = std::__cxx11::basic_string<char>; _Tp = token_type; _Compare = std::less<std::__cxx11::basic_string<char> >; _Alloc = std::allocator<std::pair<const std::__cxx11::basic_string<char>, token_type> >]	40	static
allocator.h:138:7:std::allocator< <template-parameter-1-1> >::allocator() [with _Tp = std::pair<const char, double_token>]	16	static
allocator.h:153:7:std::allocator< <template-parameter-1-1> >::~allocator() [with _Tp = std::pair<const char, double_token>]	16	static
stl_map.h:226:7:std::map<_Key, _Tp, _Compare, _Alloc>::map(std::initializer_list<std::pair<const _Key, _Tp> >, const _Compare&, const allocator_type&) [with _Key = char; _Tp = double_token; _Compare = std::less<char>; _Alloc = std::allocator<std::pair<const char, double_token> >]	40	static
stl_tree.h:673:9:std::_Rb_tree<std::__cxx11::basic_string<char>, std::pair<const std::__cxx11::basic_string<char>, Symbol>, std::_Select1st<std::pair<const std::__cxx11::basic_string<char>, Symbol> >, std::less<std::__cxx11::basic_string<char> >, std::allocator<std::pair<const std::__cxx11::basic_string<char>, Symbol> > >::_Rb_tree_impl<std::less<std::__cxx11::basic_string<char> >, true>::~_Rb_tree_impl()	16	static
stl_tree.h:994:7:std::_Rb_tree<_Key, _Val, _KeyOfValue, _Compare, _Alloc>::~_Rb_tree() [with _Key = std::__cxx11::basic_string<char>; _Val = std::pair<const std::__cxx11::basic_string<char>, Symbol>; _KeyOfValue = std::_Select1st<std::pair<const std::__cxx11::basic_string<char>, Symbol> >; _Compare = std::less<std::__cxx11::basic_string<char> >; _Alloc = std::allocator<std::pair<const std::__cxx11::basic_string<char>, Symbol> >]	16	static
stl_map.h:490:7:std::map<_Key, _Tp, _Compare, _Alloc>::mapped_type& std::map<_Key, _Tp, _Compare, _Alloc>::operator[](const key_type&) [with _Key = std::__cxx11::basic_string<char>; _Tp = Symbol; _Compare = std::less<std::__cxx11::basic_string<char> >; _Alloc = std::allocator<std::pair<const std::__cxx11::basic_string<char>, Symbol> >]	56	static
basic_string.h:263:9:void std::__cxx11::basic_string<_CharT, _Traits, _Alloc>::_M_construct(_InIterator, _InIterator) [with _InIterator = const char*; _CharT = char; _Traits = std::char_traits<char>; _Alloc = std::allocator<char>]	24	static
new_allocator.h:80:7:__gnu_cxx::new_allocator<_Tp>::new_allocator() [with _Tp = std::pair<const char, token_type>]	16	static
new_allocator.h:89:7:__gnu_cxx::new_allocator<_Tp>::~new_allocator() [with _Tp = std::pair<const char, token_type>]	16	static
allocator.h:141:7:std::allocator< <template-parameter-1-1> >::allocator(const std::allocator< <template-parameter-1-1> >&) [with _Tp = std::pair<const char, token_type>]	16	static
stl_tree.h:673:9:std::_Rb_tree<char, std::pair<const char, token_type>, std::_Select1st<std::pair<const char, token_type> >, std::less<char>, std::allocator<std::pair<const char, token_type> > >::_Rb_tree_impl<std::less<char>, true>::~_Rb_tree_impl()	16	static
stl_tree.h:942:7:std::_Rb_tree<_Key, _Val, _KeyOfValue, _Compare, _Alloc>::_Rb_tree(const _Compare&, const allocator_type&) [with _Key = char; _Val = std::pair<const char, token_type>; _KeyOfValue = std::_Select1st<std::pair<const char, token_type> >; _Compare = std::less<char>; _Alloc = std::allocator<std::pair<const char, token_type> >]	40	static
stl_tree.h:994:7:std::_Rb_tree<_Key, _Val, _KeyOfValue, _Compare, _Alloc>::~_Rb_tree() [with _Key = char; _Val = std::pair<const char, token_type>; _KeyOfValue = std::_Select1st<std::pair<const char, token_type> >; _Compare = std::less<char>; _Alloc = std::allocator<std::pair<const char, token_type> >]	16	static
initializer_list:75:7:constexpr const _E* std::initializer_list<_E>::begin() const [with _E = std::pair<const char, token_type>]	16	static
initializer_list:79:7:constexpr const _E* std::initializer_list<_E>::end() const [with _E = std::pair<const char, token_type>]	24	static
stl_tree.h:1109:2:std::__enable_if_t<std::is_same<_Val, typename std::iterator_traits<_InputIterator>::value_type>::value> std::_Rb_tree<_Key, _Val, _KeyOfValue, _Compare, _Alloc>::_M_insert_range_unique(_InputIterator, _InputIterator) [with _InputIterator = const std::pair<const char, token_type>*; _Key = char; _Val = std::pair<const char, token_type>; _KeyOfValue = std::_Select1st<std::pair<const char, token_type> >; _Compare = std::less<char>; _Alloc = std::allocator<std::pair<const char, token_type> >]	40	static
new_allocator.h:80:7:__gnu_cxx::new_allocator<_Tp>::new_allocator() [with _Tp = std::pair<const std::__cxx11::basic_string<char>, token_type>]	16	static
new_allocator.h:89:7:__gnu_cxx::new_allocator<_Tp>::~new_allocator() [with _Tp = std::pair<const std::__cxx11::basic_string<char>, token_type>]	16	static
allocator.h:141:7:std::allocator< <template-parameter-1-1> >::allocator(const std::allocator< <template-parameter-1-1> >&) [with _Tp = std::pair<const std::__cxx11::basic_string<char>, token_type>]	16	static
stl_tree.h:673:9:std::_Rb_tree<std::__cxx11::basic_string<char>, std::pair<const std::__cxx11::basic_string<char>, token_type>, std::_Select1st<std::pair<const std::__cxx11::basic_string<char>, token_type> >, std::less<std::__cxx11::basic_string<char> >, std::allocator<std::pair<const std::__cxx11::basic_string<char>, token_type> > >::_Rb_tree_impl<std::less<std::__cxx11::basic_string<char> >, true>::~_Rb_tree_impl()	16	static
stl_tree.h:942:7:std::_Rb_tree<_Key, _Val, _KeyOfValue, _Compare, _Alloc>::_Rb_tree(const _Compare&, const allocator_type&) [with _Key = std::__cxx11::basic_string<char>; _Val = std::pair<const std::__cxx11::basic_string<char>, token_type>; _KeyOfValue = std::_Select1st<std::pair<const std::__cxx11::basic_string<char>, token_type> >; _Compare = std::less<std::__cxx11::basic_string<char> >; _Alloc = std::allocator<std::pair<const std::__cxx11::basic_string<char>, token_type> >]	40	static
stl_tree.h:994:7:std::_Rb_tree<_Key, _Val, _KeyOfValue, _Compare, _Alloc>::~_Rb_tree() [with _Key = std::__cxx11::basic_string<char>; _Val = std::pair<const std::__cxx11::basic_string<char>, token_type>; _KeyOfValue = std::_Select1st<std::pair<const std::__cxx11::basic_string<char>, token_type> >; _Compare = std::less<std::__cxx11::basic_string<char> >; _Alloc = std::allocator<std::pair<const std::__cxx11::basic_string<char>, token_type> >]	16	static
initializer_list:75:7:constexpr const _E* std::initializer_list<_E>::begin() const [with _E = std::pair<const std::__cxx11::basic_string<char>, token_type>]	16	static
initializer_list:79:7:constexpr const _E* std::initializer_list<_E>::end() const [with _E = std::pair<const std::__cxx11::basic_string<char>, token_type>]	24	static
stl_tree.h:1109:2:std::__enable_if_t<std::is_same<_Val, typename std::iterator_traits<_InputIterator>::value_type>::value> std::_Rb_tree<_Key, _Val, _KeyOfValue, _Compare, _Alloc>::_M_insert_range_unique(_InputIterator, _InputIterator) [with _InputIterator = const std::pair<const std::__cxx11::basic_string<char>, token_type>*; _Key = std::__cxx11::basic_string<char>; _Val = std::pair<const std::__cxx11::basic_string<char>, token_type>; _KeyOfValue = std::_Select1st<std::pair<const std::__cxx11::basic_string<char>, token_type> >; _Compare = std::less<std::__cxx11::basic_string<char> >; _Alloc = std::allocator<std::pair<const std::__cxx11::basic_string<char>, token_type> >]	40	static
new_allocator.h:80:7:__gnu_cxx::new_allocator<_Tp>::new_allocator() [with _Tp = std::pair<const char, double_token>]	16	static
new_allocator.h:89:7:__gnu_cxx::new_allocator<_Tp>::~new_allocator() [with _Tp = std::pair<const char, double_token>]	16	static
allocator.h:141:7:std::allocator< <template-parameter-1-1> >::allocator(const std::allocator< <template-parameter-1-1> >&) [with _Tp = std::pair<const char, double_token>]	16	static
stl_tree.h:673:9:std::_Rb_tree<char, std::pair<const char, double_token>, std::_Select1st<std::pair<const char, double_token> >, std::less<char>, std::allocator<std::pair<const char, double_token> > >::_Rb_tree_impl<std::less<char>, true>::~_Rb_tree_impl()	16	static
stl_tree.h:942:7:std::_Rb_tree<_Key, _Val, _KeyOfValue, _Compare, _Alloc>::_Rb_tree(const _Compare&, const allocator_type&) [with _Key = char; _Val = std::pair<const char, double_token>; _KeyOfValue = std::_Select1st<std::pair<const char, double_token> >; _Compare = std::less<char>; _Alloc = std::allocator<std::pair<const char, double_token> >]	40	static
stl_tree.h:994:7:std::_Rb_tree<_Key, _Val, _KeyOfValue, _Compare, _Alloc>::~_Rb_tree() [with _Key = char; _Val = std::pair<const char, double_token>; _KeyOfValue = std::_Select1st<std::pair<const char, double_token> >; _Compare = std::less<char>; _Alloc = std::allocator<std::pair<const char, double_token> >]	16	static
initializer_list:75:7:constexpr const _E* std::initializer_list<_E>::begin() const [with _E = std::pair<const char, double_token>]	16	static
initializer_list:79:7:constexpr const _E* std::initializer_list<_E>::end() const [with _E = std::pair<const char, double_token>]	24	static
stl_tree.h:1109:2:std::__enable_if_t<std::is_same<_Val, typename std::iterator_traits<_InputIterator>::value_type>::value> std::_Rb_tree<_Key, _Val, _KeyOfValue, _Compare, _Alloc>::_M_insert_range_unique(_InputIterator, _InputIterator) [with _InputIterator = const std::pair<const char, double_token>*; _Key = char; _Val = std::pair<const char, double_token>; _KeyOfValue = std::_Select1st<std::pair<const char, double_token> >; _Compare = std::less<char>; _Alloc = std::allocator<std::pair<const char, double_token> >]	40	static
allocator.h:153:7:std::allocator< <template-parameter-1-1> >::~allocator() [with _Tp = std::_Rb_tree_node<std::pair<const std::__cxx11::basic_string<char>, Symbol> >]	16	static
stl_tree.h:1907:5:void std::_Rb_tree<_Key, _Val, _KeyOfValue, _Compare, _Alloc>::_M_erase(std::_Rb_tree<_Key, _Val, _KeyOfValue, _Compare, _Alloc>::_Link_type) [with _Key = std::__cxx11::basic_string<char>; _Val = std::pair<const std::__cxx11::basic_string<char>, Symbol>; _KeyOfValue = std::_Select1st<std::pair<const std::__cxx11::basic_string<char>, Symbol> >; _Compare = std::less<std::__cxx11::basic_string<char> >; _Alloc = std::allocator<std::pair<const std::__cxx11::basic_string<char>, Symbol> >]	24	static
stl_tree.h:744:7:std::_Rb_tree_node<_Val>* std::_Rb_tree<_Key, _Val, _KeyOfValue, _Compare, _Alloc>::_M_begin() [with _Key = std::__cxx11::basic_string<char>; _Val = std::pair<const std::__cxx11::basic_string<char>, Symbol>; _KeyOfValue = std::_Select1st<std::pair<const std::__cxx11::basic_string<char>, Symbol> >; _Compare = std::less<std::__cxx11::basic_string<char> >; _Alloc = std::allocator<std::pair<const std::__cxx11::basic_string<char>, Symbol> >]	16	static
stl_map.h:1257:7:std::map<_Key, _Tp, _Compare, _Alloc>::iterator std::map<_Key, _Tp, _Compare, _Alloc>::lower_bound(const key_type&) [with _Key = std::__cxx11::basic_string<char>; _Tp = Symbol; _Compare = std::less<std::__cxx11::basic_string<char> >; _Alloc = std::allocator<std::pair<const std::__cxx11::basic_string<char>, Symbol> >]	16	static
stl_map.h:372:7:std::map<_Key, _Tp, _Compare, _Alloc>::iterator std::map<_Key, _Tp, _Compare, _Alloc>::end() [with _Key = std::__cxx11::basic_string<char>; _Tp = Symbol; _Compare = std::less<std::__cxx11::basic_string<char> >; _Alloc = std::allocator<std::pair<const std::__cxx11::basic_string<char>, Symbol> >]	16	static
stl_tree.h:315:7:bool std::operator==(const _Self&, const _Self&)	16	static
stl_map.h:1141:7:std::map<_Key, _Tp, _Compare, _Alloc>::key_compare std::map<_Key, _Tp, _Compare, _Alloc>::key_comp() const [with _Key = std::__cxx11::basic_string<char>; _Tp = Symbol; _Compare = std::less<std::__cxx11::basic_string<char> >; _Alloc = std::allocator<std::pair<const std::__cxx11::basic_string<char>, Symbol> >]	24	static
stl_tree.h:277:7:_Tp& std::_Rb_tree_iterator<_Tp>::operator*() const [with _Tp = std::pair<const std::__cxx11::basic_string<char>, Symbol>]	16	static
stl_function.h:385:7:constexpr bool std::less<_Tp>::operator()(const _Tp&, const _Tp&) const [with _Tp = std::__cxx11::basic_string<char>]	24	static
tuple:588:19: (_Elements) >= 1)), bool>::type <anonymous> = true; _Elements = {const std::__cxx11::basic_string<char, std::char_traits<char>, std::allocator<char> >&}]	16	static
stl_tree.h:348:7:std::_Rb_tree_const_iterator<_Tp>::_Rb_tree_const_iterator(const iterator&) [with _Tp = std::pair<const std::__cxx11::basic_string<char>, Symbol>]	16	static
stl_tree.h:2452:7:) [with _Args = {const std::piecewise_construct_t&, std::tuple<const std::__cxx11::basic_string<char, std::char_traits<char>, std::allocator<char> >&>, std::tuple<>}; _Key = std::__cxx11::basic_string<char>; _Val = std::pair<const std::__cxx11::basic_string<char>, Symbol>; _KeyOfValue = std::_Select1st<std::pair<const std::__cxx11::basic_string<char>, Symbol> >; _Compare = std::less<std::__cxx11::basic_string<char> >; _Alloc = std::allocator<std::pair<const std::__cxx11::basic_string<char>, Symbol> >]	48	static
basic_string.h:243:9:void std::__cxx11::basic_string<_CharT, _Traits, _Alloc>::_M_construct_aux(_InIterator, _InIterator, std::__false_type) [with _InIterator = const char*; _CharT = char; _Traits = std::char_traits<char>; _Alloc = std::allocator<char>]	40	static
new_allocator.h:83:7:__gnu_cxx::new_allocator<_Tp>::new_allocator(const __gnu_cxx::new_allocator<_Tp>&) [with _Tp = std::pair<const char, token_type>]	16	static
allocator.h:151:2:std::allocator< <template-parameter-1-1> >::allocator(const std::allocator<_Up>&) [with _Tp1 = std::pair<const char, token_type>; _Tp = std::_Rb_tree_node<std::pair<const char, token_type> >]	16	static
allocator.h:153:7:std::allocator< <template-parameter-1-1> >::~allocator() [with _Tp = std::_Rb_tree_node<std::pair<const char, token_type> >]	16	static
stl_tree.h:710:4:std::_Rb_tree<_Key, _Val, _KeyOfValue, _Compare, _Alloc>::_Rb_tree_impl<_Key_compare, <anonymous> >::_Rb_tree_impl(const _Key_compare&, std::_Rb_tree<_Key, _Val, _KeyOfValue, _Compare, _Alloc>::_Node_allocator&&) [with _Key_compare = std::less<char>; bool <anonymous> = true; _Key = char; _Val = std::pair<const char, token_type>; _KeyOfValue = std::_Select1st<std::pair<const char, token_type> >; _Compare = std::less<char>; _Alloc = std::allocator<std::pair<const char, token_type> >]	24	static
stl_tree.h:1907:5:void std::_Rb_tree<_Key, _Val, _KeyOfValue, _Compare, _Alloc>::_M_erase(std::_Rb_tree<_Key, _Val, _KeyOfValue, _Compare, _Alloc>::_Link_type) [with _Key = char; _Val = std::pair<const char, token_type>; _KeyOfValue = std::_Select1st<std::pair<const char, token_type> >; _Compare = std::less<char>; _Alloc = std::allocator<std::pair<const char, token_type> >]	24	static
stl_tree.h:744:7:std::_Rb_tree_node<_Val>* std::_Rb_tree<_Key, _Val, _KeyOfValue, _Compare, _Alloc>::_M_begin() [with _Key = char; _Val = std::pair<const char, token_type>; _KeyOfValue = std::_Select1st<std::pair<const char, token_type> >; _Compare = std::less<char>; _Alloc = std::allocator<std::pair<const char, token_type> >]	16	static
initializer_list:71:7:constexpr std::initializer_list<_E>::size_type std::initializer_list<_E>::size() const [with _E = std::pair<const char, token_type>]	16	static
stl_tree.h:538:2:std::_Rb_tree<_Key, _Val, _KeyOfValue, _Compare, _Alloc>::_Alloc_node::_Alloc_node(std::_Rb_tree<_Key, _Val, _KeyOfValue, _Compare, _Alloc>&) [with _Key = char; _Val = std::pair<const char, token_type>; _KeyOfValue = std::_Select1st<std::pair<const char, token_type> >; _Compare = std::less<char>; _Alloc = std::allocator<std::pair<const char, token_type> >]	16	static
stl_tree.h:1014:7:std::_Rb_tree<_Key, _Val, _KeyOfValue, _Compare, _Alloc>::iterator std::_Rb_tree<_Key, _Val, _KeyOfValue, _Compare, _Alloc>::end() [with _Key = char; _Val = std::pair<const char, token_type>; _KeyOfValue = std::_Select1st<std::pair<const char, token_type> >; _Compare = std::less<char>; _Alloc = std::allocator<std::pair<const char, token_type> >]	24	static
stl_tree.h:348:7:std::_Rb_tree_const_iterator<_Tp>::_Rb_tree_const_iterator(const iterator&) [with _Tp = std::pair<const char, token_type>]	16	static
stl_tree.h:2248:7:std::_Rb_tree<_Key, _Val, _KeyOfValue, _Compare, _Alloc>::iterator std::_Rb_tree<_Key, _Val, _KeyOfValue, _Compare, _Alloc>::_M_insert_unique_(std::_Rb_tree<_Key, _Val, _KeyOfValue, _Compare, _Alloc>::const_iterator, _Arg&&, _NodeGen&) [with _Arg = const std::pair<const char, token_type>&; _NodeGen = std::_Rb_tree<char, std::pair<const char, token_type>, std::_Select1st<std::pair<const char, token_type> >, std::less<char>, std::allocator<std::pair<const char, token_type> > >::_Alloc_node; _Key = char; _Val = std::pair<const char, token_type>; _KeyOfValue = std::_Select1st<std::pair<const char, token_type> >; _Compare = std::less<char>; _Alloc = std::allocator<std::pair<const char, token_type> >]	56	static
new_allocator.h:83:7:__gnu_cxx::new_allocator<_Tp>::new_allocator(const __gnu_cxx::new_allocator<_Tp>&) [with _Tp = std::pair<const std::__cxx11::basic_string<char>, token_type>]	16	static
allocator.h:151:2:std::allocator< <template-parameter-1-1> >::allocator(const std::allocator<_Up>&) [with _Tp1 = std::pair<const std::__cxx11::basic_string<char>, token_type>; _Tp = std::_Rb_tree_node<std::pair<const std::__cxx11::basic_string<char>, token_type> >]	16	static
allocator.h:153:7:std::allocator< <template-parameter-1-1> >::~allocator() [with _Tp = std::_Rb_tree_node<std::pair<const std::__cxx11::basic_string<char>, token_type> >]	16	static
stl_tree.h:710:4:std::_Rb_tree<_Key, _Val, _KeyOfValue, _Compare, _Alloc>::_Rb_tree_impl<_Key_compare, <anonymous> >::_Rb_tree_impl(const _Key_compare&, std::_Rb_tree<_Key, _Val, _KeyOfValue, _Compare, _Alloc>::_Node_allocator&&) [with _Key_compare = std::less<std::__cxx11::basic_string<char> >; bool <anonymous> = true; _Key = std::__cxx11::basic_string<char>; _Val = std::pair<const std::__cxx11::basic_string<char>, token_type>; _KeyOfValue = std::_Select1st<std::pair<const std::__cxx11::basic_string<char>, token_type> >; _Compare = std::less<std::__cxx11::basic_string<char> >; _Alloc = std::allocator<std::pair<const std::__cxx11::basic_string<char>, token_type> >]	24	static
stl_tree.h:1907:5:void std::_Rb_tree<_Key, _Val, _KeyOfValue, _Compare, _Alloc>::_M_erase(std::_Rb_tree<_Key, _Val, _KeyOfValue, _Compare, _Alloc>::_Link_type) [with _Key = std::__cxx11::basic_string<char>; _Val = std::pair<const std::__cxx11::basic_string<char>, token_type>; _KeyOfValue = std::_Select1st<std::pair<const std::__cxx11::basic_string<char>, token_type> >; _Compare = std::less<std::__cxx11::basic_string<char> >; _Alloc = std::allocator<std::pair<const std::__cxx11::basic_string<char>, token_type> >]	24	static
stl_tree.h:744:7:std::_Rb_tree_node<_Val>* std::_Rb_tree<_Key, _Val, _KeyOfValue, _Compare, _Alloc>::_M_begin() [with _Key = std::__cxx11::basic_string<char>; _Val = std::pair<const std::__cxx11::basic_string<char>, token_type>; _KeyOfValue = std::_Select1st<std::pair<const std::__cxx11::basic_string<char>, token_type> >; _Compare = std::less<std::__cxx11::basic_string<char> >; _Alloc = std::allocator<std::pair<const std::__cxx11::basic_string<char>, token_type> >]	16	static
initializer_list:71:7:constexpr std::initializer_list<_E>::size_type std::initializer_list<_E>::size() const [with _E = std::pair<const std::__cxx11::basic_string<char>, token_type>]	16	static
stl_tree.h:538:2:std::_Rb_tree<_Key, _Val, _KeyOfValue, _Compare, _Alloc>::_Alloc_node::_Alloc_node(std::_Rb_tree<_Key, _Val, _KeyOfValue, _Compare, _Alloc>&) [with _Key = std::__cxx11::basic_string<char>; _Val = std::pair<const std::__cxx11::basic_string<char>, token_type>; _KeyOfValue = std::_Select1st<std::pair<const std::__cxx11::basic_string<char>, token_type> >; _Compare = std::less<std::__cxx11::basic_string<char> >; _Alloc = std::allocator<std::pair<const std::__cxx11::basic_string<char>, token_type> >]	16	static
stl_tree.h:1014:7:std::_Rb_tree<_Key, _Val, _KeyOfValue, _Compare, _Alloc>::iterator std::_Rb_tree<_Key, _Val, _KeyOfValue, _Compare, _Alloc>::end() [with _Key = std::__cxx11::basic_string<char>; _Val = std::pair<const std::__cxx11::basic_string<char>, token_type>; _KeyOfValue = std::_Select1st<std::pair<const std::__cxx11::basic_string<char>, token_type> >; _Compare = std::less<std::__cxx11::basic_string<char> >; _Alloc = std::allocator<std::pair<const std::__cxx11::basic_string<char>, token_type> >]	24	static
stl_tree.h:348:7:std::_Rb_tree_const_iterator<_Tp>::_Rb_tree_const_iterator(const iterator&) [with _Tp = std::pair<const std::__cxx11::basic_string<char>, token_type>]	16	static
stl_tree.h:2248:7:std::_Rb_tree<_Key, _Val, _KeyOfValue, _Compare, _Alloc>::iterator std::_Rb_tree<_Key, _Val, _KeyOfValue, _Compare, _Alloc>::_M_insert_unique_(std::_Rb_tree<_Key, _Val, _KeyOfValue, _Compare, _Alloc>::const_iterator, _Arg&&, _NodeGen&) [with _Arg = const std::pair<const std::__cxx11::basic_string<char>, token_type>&; _NodeGen = std::_Rb_tree<std::__cxx11::basic_string<char>, std::pair<const std::__cxx11::basic_string<char>, token_type>, std::_Select1st<std::pair<const std::__cxx11::basic_string<char>, token_type> >, std::less<std::__cxx11::basic_string<char> >, std::allocator<std::pair<const std::__cxx11::basic_string<char>, token_type> > >::_Alloc_node; _Key = std::__cxx11::basic_string<char>; _Val = std::pair<const std::__cxx11::basic_string<char>, token_type>; _KeyOfValue = std::_Select1st<std::pair<const std::__cxx11::basic_string<char>, token_type> >; _Compare = std::less<std::__cxx11::basic_string<char> >; _Alloc = std::allocator<std::pair<const std::__cxx11::basic_string<char>, token_type> >]	56	static
new_allocator.h:83:7:__gnu_cxx::new_allocator<_Tp>::new_allocator(const __gnu_cxx::new_allocator<_Tp>&) [with _Tp = std::pair<const char, double_token>]	16	static
allocator.h:151:2:std::allocator< <template-parameter-1-1> >::allocator(const std::allocator<_Up>&) [with _Tp1 = std::pair<const char, double_token>; _Tp = std::_Rb_tree_node<std::pair<const char, double_token> >]	16	static
allocator.h:153:7:std::allocator< <template-parameter-1-1> >::~allocator() [with _Tp = std::_Rb_tree_node<std::pair<const char, double_token> >]	16	static
stl_tree.h:710:4:std::_Rb_tree<_Key, _Val, _KeyOfValue, _Compare, _Alloc>::_Rb_tree_impl<_Key_compare, <anonymous> >::_Rb_tree_impl(const _Key_compare&, std::_Rb_tree<_Key, _Val, _KeyOfValue, _Compare, _Alloc>::_Node_allocator&&) [with _Key_compare = std::less<char>; bool <anonymous> = true; _Key = char; _Val = std::pair<const char, double_token>; _KeyOfValue = std::_Select1st<std::pair<const char, double_token> >; _Compare = std::less<char>; _Alloc = std::allocator<std::pair<const char, double_token> >]	24	static
stl_tree.h:1907:5:void std::_Rb_tree<_Key, _Val, _KeyOfValue, _Compare, _Alloc>::_M_erase(std::_Rb_tree<_Key, _Val, _KeyOfValue, _Compare, _Alloc>::_Link_type) [with _Key = char; _Val = std::pair<const char, double_token>; _KeyOfValue = std::_Select1st<std::pair<const char, double_token> >; _Compare = std::less<char>; _Alloc = std::allocator<std::pair<const char, double_token> >]	24	static
stl_tree.h:744:7:std::_Rb_tree_node<_Val>* std::_Rb_tree<_Key, _Val, _KeyOfValue, _Compare, _Alloc>::_M_begin() [with _Key = char; _Val = std::pair<const char, double_token>; _KeyOfValue = std::_Select1st<std::pair<const char, double_token> >; _Compare = std::less<char>; _Alloc = std::allocator<std::pair<const char, double_token> >]	16	static
initializer_list:71:7:constexpr std::initializer_list<_E>::size_type std::initializer_list<_E>::size() const [with _E = std::pair<const char, double_token>]	16	static
stl_tree.h:538:2:std::_Rb_tree<_Key, _Val, _KeyOfValue, _Compare, _Alloc>::_Alloc_node::_Alloc_node(std::_Rb_tree<_Key, _Val, _KeyOfValue, _Compare, _Alloc>&) [with _Key = char; _Val = std::pair<const char, double_token>; _KeyOfValue = std::_Select1st<std::pair<const char, double_token> >; _Compare = std::less<char>; _Alloc = std::allocator<std::pair<const char, double_token> >]	16	static
stl_tree.h:1014:7:std::_Rb_tree<_Key, _Val, _KeyOfValue, _Compare, _Alloc>::iterator std::_Rb_tree<_Key, _Val, _KeyOfValue, _Compare, _Alloc>::end() [with _Key = char; _Val = std::pair<const char, double_token>; _KeyOfValue = std::_Select1st<std::pair<const char, double_token> >; _Compare = std::less<char>; _Alloc = std::allocator<std::pair<const char, double_token> >]	24	static
stl_tree.h:348:7:std::_Rb_tree_const_iterator<_Tp>::_Rb_tree_const_iterator(const iterator&) [with _Tp = std::pair<const char, double_token>]	16	static
stl_tree.h:2248:7:std::_Rb_tree<_Key, _Val, _KeyOfValue, _Compare, _Alloc>::iterator std::_Rb_tree<_Key, _Val, _KeyOfValue, _Compare, _Alloc>::_M_insert_unique_(std::_Rb_tree<_Key, _Val, _KeyOfValue, _Compare, _Alloc>::const_iterator, _Arg&&, _NodeGen&) [with _Arg = const std::pair<const char, double_token>&; _NodeGen = std::_Rb_tree<char, std::pair<const char, double_token>, std::_Select1st<std::pair<const char, double_token> >, std::less<char>, std::allocator<std::pair<const char, double_token> > >::_Alloc_node; _Key = char; _Val = std::pair<const char, double_token>; _KeyOfValue = std::_Select1st<std::pair<const char, double_token> >; _Compare = std::less<char>; _Alloc = std::allocator<std::pair<const char, double_token> >]	56	static
new_allocator.h:89:7:__gnu_cxx::new_allocator<_Tp>::~new_allocator() [with _Tp = std::_Rb_tree_node<std::pair<const std::__cxx11::basic_string<char>, Symbol> >]	16	static
stl_tree.h:797:7:static std::_Rb_tree_node<_Val>* std::_Rb_tree<_Key, _Val, _KeyOfValue, _Compare, _Alloc>::_S_right(std::_Rb_tree<_Key, _Val, _KeyOfValue, _Compare, _Alloc>::_Base_ptr) [with _Key = std::__cxx11::basic_string<char>; _Val = std::pair<const std::__cxx11::basic_string<char>, Symbol>; _KeyOfValue = std::_Select1st<std::pair<const std::__cxx11::basic_string<char>, Symbol> >; _Compare = std::less<std::__cxx11::basic_string<char> >; _Alloc = std::allocator<std::pair<const std::__cxx11::basic_string<char>, Symbol> >]	16	static
stl_tree.h:789:7:static std::_Rb_tree_node<_Val>* std::_Rb_tree<_Key, _Val, _KeyOfValue, _Compare, _Alloc>::_S_left(std::_Rb_tree<_Key, _Val, _KeyOfValue, _Compare, _Alloc>::_Base_ptr) [with _Key = std::__cxx11::basic_string<char>; _Val = std::pair<const std::__cxx11::basic_string<char>, Symbol>; _KeyOfValue = std::_Select1st<std::pair<const std::__cxx11::basic_string<char>, Symbol> >; _Compare = std::less<std::__cxx11::basic_string<char> >; _Alloc = std::allocator<std::pair<const std::__cxx11::basic_string<char>, Symbol> >]	16	static
stl_tree.h:648:7:void std::_Rb_tree<_Key, _Val, _KeyOfValue, _Compare, _Alloc>::_M_drop_node(std::_Rb_tree<_Key, _Val, _KeyOfValue, _Compare, _Alloc>::_Link_type) [with _Key = std::__cxx11::basic_string<char>; _Val = std::pair<const std::__cxx11::basic_string<char>, Symbol>; _KeyOfValue = std::_Select1st<std::pair<const std::__cxx11::basic_string<char>, Symbol> >; _Compare = std::less<std::__cxx11::basic_string<char> >; _Alloc = std::allocator<std::pair<const std::__cxx11::basic_string<char>, Symbol> >]	16	static
stl_tree.h:1281:7:std::_Rb_tree<_Key, _Val, _KeyOfValue, _Compare, _Alloc>::iterator std::_Rb_tree<_Key, _Val, _KeyOfValue, _Compare, _Alloc>::lower_bound(const key_type&) [with _Key = std::__cxx11::basic_string<char>; _Val = std::pair<const std::__cxx11::basic_string<char>, Symbol>; _KeyOfValue = std::_Select1st<std::pair<const std::__cxx11::basic_string<char>, Symbol> >; _Compare = std::less<std::__cxx11::basic_string<char> >; _Alloc = std::allocator<std::pair<const std::__cxx11::basic_string<char>, Symbol> >]	24	static
stl_tree.h:1014:7:std::_Rb_tree<_Key, _Val, _KeyOfValue, _Compare, _Alloc>::iterator std::_Rb_tree<_Key, _Val, _KeyOfValue, _Compare, _Alloc>::end() [with _Key = std::__cxx11::basic_string<char>; _Val = std::pair<const std::__cxx11::basic_string<char>, Symbol>; _KeyOfValue = std::_Select1st<std::pair<const std::__cxx11::basic_string<char>, Symbol> >; _Compare = std::less<std::__cxx11::basic_string<char> >; _Alloc = std::allocator<std::pair<const std::__cxx11::basic_string<char>, Symbol> >]	24	static
stl_tree.h:1002:7:_Compare std::_Rb_tree<_Key, _Val, _KeyOfValue, _Compare, _Alloc>::key_comp() const [with _Key = std::__cxx11::basic_string<char>; _Val = std::pair<const std::__cxx11::basic_string<char>, Symbol>; _KeyOfValue = std::_Select1st<std::pair<const std::__cxx11::basic_string<char>, Symbol> >; _Compare = std::less<std::__cxx11::basic_string<char> >; _Alloc = std::allocator<std::pair<const std::__cxx11::basic_string<char>, Symbol> >]	16	static
stl_tree.h:234:7:_Val* std::_Rb_tree_node<_Val>::_M_valptr() [with _Val = std::pair<const std::__cxx11::basic_string<char>, Symbol>]	16	static
basic_string.h:6226:5:bool std::operator<(const std::__cxx11::basic_string<_CharT, _Traits, _Allocator>&, const std::__cxx11::basic_string<_CharT, _Traits, _Allocator>&) [with _CharT = char; _Traits = std::char_traits<char>; _Alloc = std::allocator<char>]	16	static
tuple:343:17:constexpr std::_Tuple_impl<_Idx, _Head>::_Tuple_impl(const _Head&) [with unsigned int _Idx = 0; _Head = const std::__cxx11::basic_string<char>&]	16	static
move.h:74:5:constexpr _Tp&& std::forward(typename std::remove_reference<_Tp>::type&) [with _Tp = const std::piecewise_construct_t&]	16	static
move.h:74:5:constexpr _Tp&& std::forward(typename std::remove_reference<_Tp>::type&) [with _Tp = std::tuple<const std::__cxx11::basic_string<char, std::char_traits<char>, std::allocator<char> >&>]	16	static
move.h:74:5:constexpr _Tp&& std::forward(typename std::remove_reference<_Tp>::type&) [with _Tp = std::tuple<>]	16	static
stl_tree.h:628:2:) [with _Args = {const std::piecewise_construct_t&, std::tuple<const std::__cxx11::basic_string<char, std::char_traits<char>, std::allocator<char> >&>, std::tuple<>}; _Key = std::__cxx11::basic_string<char>; _Val = std::pair<const std::__cxx11::basic_string<char>, Symbol>; _KeyOfValue = std::_Select1st<std::pair<const std::__cxx11::basic_string<char>, Symbol> >; _Compare = std::less<std::__cxx11::basic_string<char> >; _Alloc = std::allocator<std::pair<const std::__cxx11::basic_string<char>, Symbol> >]	48	static
stl_tree.h:2187:5:std::pair<std::_Rb_tree_node_base*, std::_Rb_tree_node_base*> std::_Rb_tree<_Key, _Val, _KeyOfValue, _Compare, _Alloc>::_M_get_insert_hint_unique_pos(std::_Rb_tree<_Key, _Val, _KeyOfValue, _Compare, _Alloc>::const_iterator, const key_type&) [with _Key = std::__cxx11::basic_string<char>; _Val = std::pair<const std::__cxx11::basic_string<char>, Symbol>; _KeyOfValue = std::_Select1st<std::pair<const std::__cxx11::basic_string<char>, Symbol> >; _Compare = std::less<std::__cxx11::basic_string<char> >; _Alloc = std::allocator<std::pair<const std::__cxx11::basic_string<char>, Symbol> >]	64	static
stl_tree.h:767:7:static const _Key& std::_Rb_tree<_Key, _Val, _KeyOfValue, _Compare, _Alloc>::_S_key(std::_Rb_tree<_Key, _Val, _KeyOfValue, _Compare, _Alloc>::_Const_Link_type) [with _Key = std::__cxx11::basic_string<char>; _Val = std::pair<const std::__cxx11::basic_string<char>, Symbol>; _KeyOfValue = std::_Select1st<std::pair<const std::__cxx11::basic_string<char>, Symbol> >; _Compare = std::less<std::__cxx11::basic_string<char> >; _Alloc = std::allocator<std::pair<const std::__cxx11::basic_string<char>, Symbol> >]	24	static
stl_tree.h:2354:5:std::_Rb_tree<_Key, _Val, _KeyOfValue, _Compare, _Alloc>::iterator std::_Rb_tree<_Key, _Val, _KeyOfValue, _Compare, _Alloc>::_M_insert_node(std::_Rb_tree<_Key, _Val, _KeyOfValue, _Compare, _Alloc>::_Base_ptr, std::_Rb_tree<_Key, _Val, _KeyOfValue, _Compare, _Alloc>::_Base_ptr, std::_Rb_tree<_Key, _Val, _KeyOfValue, _Compare, _Alloc>::_Link_type) [with _Key = std::__cxx11::basic_string<char>; _Val = std::pair<const std::__cxx11::basic_string<char>, Symbol>; _KeyOfValue = std::_Select1st<std::pair<const std::__cxx11::basic_string<char>, Symbol> >; _Compare = std::less<std::__cxx11::basic_string<char> >; _Alloc = std::allocator<std::pair<const std::__cxx11::basic_string<char>, Symbol> >]	40	static
stl_tree.h:273:7:std::_Rb_tree_iterator<_Tp>::_Rb_tree_iterator(std::_Rb_tree_iterator<_Tp>::_Base_ptr) [with _Tp = std::pair<const std::__cxx11::basic_string<char>, Symbol>]	16	static
stl_iterator_base_funcs.h:138:5:constexpr typename std::iterator_traits<_Iterator>::difference_type std::distance(_InputIterator, _InputIterator) [with _InputIterator = const char*]	24	static
basic_string.tcc:206:7:void std::__cxx11::basic_string<_CharT, _Traits, _Alloc>::_M_construct(_InIterator, _InIterator, std::forward_iterator_tag) [with _FwdIterator = const char*; _CharT = char; _Traits = std::char_traits<char>; _Alloc = std::allocator<char>]	32	static
new_allocator.h:80:7:__gnu_cxx::new_allocator<_Tp>::new_allocator() [with _Tp = std::_Rb_tree_node<std::pair<const char, token_type> >]	16	static
new_allocator.h:89:7:__gnu_cxx::new_allocator<_Tp>::~new_allocator() [with _Tp = std::_Rb_tree_node<std::pair<const char, token_type> >]	16	static
move.h:99:5:constexpr typename std::remove_reference<_Tp>::type&& std::move(_Tp&&) [with _Tp = std::allocator<std::_Rb_tree_node<std::pair<const char, token_type> > >&]	16	static
allocator.h:141:7:std::allocator< <template-parameter-1-1> >::allocator(const std::allocator< <template-parameter-1-1> >&) [with _Tp = std::_Rb_tree_node<std::pair<const char, token_type> >]	16	static
stl_tree.h:152:7:std::_Rb_tree_key_compare<_Key_compare>::_Rb_tree_key_compare(const _Key_compare&) [with _Key_compare = std::less<char>]	16	static
stl_tree.h:797:7:static std::_Rb_tree_node<_Val>* std::_Rb_tree<_Key, _Val, _KeyOfValue, _Compare, _Alloc>::_S_right(std::_Rb_tree<_Key, _Val, _KeyOfValue, _Compare, _Alloc>::_Base_ptr) [with _Key = char; _Val = std::pair<const char, token_type>; _KeyOfValue = std::_Select1st<std::pair<const char, token_type> >; _Compare = std::less<char>; _Alloc = std::allocator<std::pair<const char, token_type> >]	16	static
stl_tree.h:789:7:static std::_Rb_tree_node<_Val>* std::_Rb_tree<_Key, _Val, _KeyOfValue, _Compare, _Alloc>::_S_left(std::_Rb_tree<_Key, _Val, _KeyOfValue, _Compare, _Alloc>::_Base_ptr) [with _Key = char; _Val = std::pair<const char, token_type>; _KeyOfValue = std::_Select1st<std::pair<const char, token_type> >; _Compare = std::less<char>; _Alloc = std::allocator<std::pair<const char, token_type> >]	16	static
stl_tree.h:648:7:void std::_Rb_tree<_Key, _Val, _KeyOfValue, _Compare, _Alloc>::_M_drop_node(std::_Rb_tree<_Key, _Val, _KeyOfValue, _Compare, _Alloc>::_Link_type) [with _Key = char; _Val = std::pair<const char, token_type>; _KeyOfValue = std::_Select1st<std::pair<const char, token_type> >; _Compare = std::less<char>; _Alloc = std::allocator<std::pair<const char, token_type> >]	16	static
stl_tree.h:273:7:std::_Rb_tree_iterator<_Tp>::_Rb_tree_iterator(std::_Rb_tree_iterator<_Tp>::_Base_ptr) [with _Tp = std::pair<const char, token_type>]	16	static
stl_tree.h:2187:5:std::pair<std::_Rb_tree_node_base*, std::_Rb_tree_node_base*> std::_Rb_tree<_Key, _Val, _KeyOfValue, _Compare, _Alloc>::_M_get_insert_hint_unique_pos(std::_Rb_tree<_Key, _Val, _KeyOfValue, _Compare, _Alloc>::const_iterator, const key_type&) [with _Key = char; _Val = std::pair<const char, token_type>; _KeyOfValue = std::_Select1st<std::pair<const char, token_type> >; _Compare = std::less<char>; _Alloc = std::allocator<std::pair<const char, token_type> >]	64	static
stl_function.h:1155:7:const typename _Pair::first_type& std::_Select1st<_Pair>::operator()(const _Pair&) const [with _Pair = std::pair<const char, token_type>]	16	static
move.h:74:5:constexpr _Tp&& std::forward(typename std::remove_reference<_Tp>::type&) [with _Tp = const std::pair<const char, token_type>&]	16	static
stl_tree.h:1797:7:std::_Rb_tree<_Key, _Val, _KeyOfValue, _Compare, _Alloc>::iterator std::_Rb_tree<_Key, _Val, _KeyOfValue, _Compare, _Alloc>::_M_insert_(std::_Rb_tree<_Key, _Val, _KeyOfValue, _Compare, _Alloc>::_Base_ptr, std::_Rb_tree<_Key, _Val, _KeyOfValue, _Compare, _Alloc>::_Base_ptr, _Arg&&, _NodeGen&) [with _Arg = const std::pair<const char, token_type>&; _NodeGen = std::_Rb_tree<char, std::pair<const char, token_type>, std::_Select1st<std::pair<const char, token_type> >, std::less<char>, std::allocator<std::pair<const char, token_type> > >::_Alloc_node; _Key = char; _Val = std::pair<const char, token_type>; _KeyOfValue = std::_Select1st<std::pair<const char, token_type> >; _Compare = std::less<char>; _Alloc = std::allocator<std::pair<const char, token_type> >]	48	static
new_allocator.h:80:7:__gnu_cxx::new_allocator<_Tp>::new_allocator() [with _Tp = std::_Rb_tree_node<std::pair<const std::__cxx11::basic_string<char>, token_type> >]	16	static
new_allocator.h:89:7:__gnu_cxx::new_allocator<_Tp>::~new_allocator() [with _Tp = std::_Rb_tree_node<std::pair<const std::__cxx11::basic_string<char>, token_type> >]	16	static
move.h:99:5:constexpr typename std::remove_reference<_Tp>::type&& std::move(_Tp&&) [with _Tp = std::allocator<std::_Rb_tree_node<std::pair<const std::__cxx11::basic_string<char>, token_type> > >&]	16	static
allocator.h:141:7:std::allocator< <template-parameter-1-1> >::allocator(const std::allocator< <template-parameter-1-1> >&) [with _Tp = std::_Rb_tree_node<std::pair<const std::__cxx11::basic_string<char>, token_type> >]	16	static
stl_tree.h:152:7:std::_Rb_tree_key_compare<_Key_compare>::_Rb_tree_key_compare(const _Key_compare&) [with _Key_compare = std::less<std::__cxx11::basic_string<char> >]	16	static
stl_tree.h:797:7:static std::_Rb_tree_node<_Val>* std::_Rb_tree<_Key, _Val, _KeyOfValue, _Compare, _Alloc>::_S_right(std::_Rb_tree<_Key, _Val, _KeyOfValue, _Compare, _Alloc>::_Base_ptr) [with _Key = std::__cxx11::basic_string<char>; _Val = std::pair<const std::__cxx11::basic_string<char>, token_type>; _KeyOfValue = std::_Select1st<std::pair<const std::__cxx11::basic_string<char>, token_type> >; _Compare = std::less<std::__cxx11::basic_string<char> >; _Alloc = std::allocator<std::pair<const std::__cxx11::basic_string<char>, token_type> >]	16	static
stl_tree.h:789:7:static std::_Rb_tree_node<_Val>* std::_Rb_tree<_Key, _Val, _KeyOfValue, _Compare, _Alloc>::_S_left(std::_Rb_tree<_Key, _Val, _KeyOfValue, _Compare, _Alloc>::_Base_ptr) [with _Key = std::__cxx11::basic_string<char>; _Val = std::pair<const std::__cxx11::basic_string<char>, token_type>; _KeyOfValue = std::_Select1st<std::pair<const std::__cxx11::basic_string<char>, token_type> >; _Compare = std::less<std::__cxx11::basic_string<char> >; _Alloc = std::allocator<std::pair<const std::__cxx11::basic_string<char>, token_type> >]	16	static
stl_tree.h:648:7:void std::_Rb_tree<_Key, _Val, _KeyOfValue, _Compare, _Alloc>::_M_drop_node(std::_Rb_tree<_Key, _Val, _KeyOfValue, _Compare, _Alloc>::_Link_type) [with _Key = std::__cxx11::basic_string<char>; _Val = std::pair<const std::__cxx11::basic_string<char>, token_type>; _KeyOfValue = std::_Select1st<std::pair<const std::__cxx11::basic_string<char>, token_type> >; _Compare = std::less<std::__cxx11::basic_string<char> >; _Alloc = std::allocator<std::pair<const std::__cxx11::basic_string<char>, token_type> >]	16	static
stl_tree.h:273:7:std::_Rb_tree_iterator<_Tp>::_Rb_tree_iterator(std::_Rb_tree_iterator<_Tp>::_Base_ptr) [with _Tp = std::pair<const std::__cxx11::basic_string<char>, token_type>]	16	static
stl_tree.h:2187:5:std::pair<std::_Rb_tree_node_base*, std::_Rb_tree_node_base*> std::_Rb_tree<_Key, _Val, _KeyOfValue, _Compare, _Alloc>::_M_get_insert_hint_unique_pos(std::_Rb_tree<_Key, _Val, _KeyOfValue, _Compare, _Alloc>::const_iterator, const key_type&) [with _Key = std::__cxx11::basic_string<char>; _Val = std::pair<const std::__cxx11::basic_string<char>, token_type>; _KeyOfValue = std::_Select1st<std::pair<const std::__cxx11::basic_string<char>, token_type> >; _Compare = std::less<std::__cxx11::basic_string<char> >; _Alloc = std::allocator<std::pair<const std::__cxx11::basic_string<char>, token_type> >]	64	static
stl_function.h:1155:7:const typename _Pair::first_type& std::_Select1st<_Pair>::operator()(const _Pair&) const [with _Pair = std::pair<const std::__cxx11::basic_string<char>, token_type>]	16	static
move.h:74:5:constexpr _Tp&& std::forward(typename std::remove_reference<_Tp>::type&) [with _Tp = const std::pair<const std::__cxx11::basic_string<char>, token_type>&]	16	static
stl_tree.h:1797:7:std::_Rb_tree<_Key, _Val, _KeyOfValue, _Compare, _Alloc>::iterator std::_Rb_tree<_Key, _Val, _KeyOfValue, _Compare, _Alloc>::_M_insert_(std::_Rb_tree<_Key, _Val, _KeyOfValue, _Compare, _Alloc>::_Base_ptr, std::_Rb_tree<_Key, _Val, _KeyOfValue, _Compare, _Alloc>::_Base_ptr, _Arg&&, _NodeGen&) [with _Arg = const std::pair<const std::__cxx11::basic_string<char>, token_type>&; _NodeGen = std::_Rb_tree<std::__cxx11::basic_string<char>, std::pair<const std::__cxx11::basic_string<char>, token_type>, std::_Select1st<std::pair<const std::__cxx11::basic_string<char>, token_type> >, std::less<std::__cxx11::basic_string<char> >, std::allocator<std::pair<const std::__cxx11::basic_string<char>, token_type> > >::_Alloc_node; _Key = std::__cxx11::basic_string<char>; _Val = std::pair<const std::__cxx11::basic_string<char>, token_type>; _KeyOfValue = std::_Select1st<std::pair<const std::__cxx11::basic_string<char>, token_type> >; _Compare = std::less<std::__cxx11::basic_string<char> >; _Alloc = std::allocator<std::pair<const std::__cxx11::basic_string<char>, token_type> >]	48	static
new_allocator.h:80:7:__gnu_cxx::new_allocator<_Tp>::new_allocator() [with _Tp = std::_Rb_tree_node<std::pair<const char, double_token> >]	16	static
new_allocator.h:89:7:__gnu_cxx::new_allocator<_Tp>::~new_allocator() [with _Tp = std::_Rb_tree_node<std::pair<const char, double_token> >]	16	static
move.h:99:5:constexpr typename std::remove_reference<_Tp>::type&& std::move(_Tp&&) [with _Tp = std::allocator<std::_Rb_tree_node<std::pair<const char, double_token> > >&]	16	static
allocator.h:141:7:std::allocator< <template-parameter-1-1> >::allocator(const std::allocator< <template-parameter-1-1> >&) [with _Tp = std::_Rb_tree_node<std::pair<const char, double_token> >]	16	static
stl_tree.h:797:7:static std::_Rb_tree_node<_Val>* std::_Rb_tree<_Key, _Val, _KeyOfValue, _Compare, _Alloc>::_S_right(std::_Rb_tree<_Key, _Val, _KeyOfValue, _Compare, _Alloc>::_Base_ptr) [with _Key = char; _Val = std::pair<const char, double_token>; _KeyOfValue = std::_Select1st<std::pair<const char, double_token> >; _Compare = std::less<char>; _Alloc = std::allocator<std::pair<const char, double_token> >]	16	static
stl_tree.h:789:7:static std::_Rb_tree_node<_Val>* std::_Rb_tree<_Key, _Val, _KeyOfValue, _Compare, _Alloc>::_S_left(std::_Rb_tree<_Key, _Val, _KeyOfValue, _Compare, _Alloc>::_Base_ptr) [with _Key = char; _Val = std::pair<const char, double_token>; _KeyOfValue = std::_Select1st<std::pair<const char, double_token> >; _Compare = std::less<char>; _Alloc = std::allocator<std::pair<const char, double_token> >]	16	static
stl_tree.h:648:7:void std::_Rb_tree<_Key, _Val, _KeyOfValue, _Compare, _Alloc>::_M_drop_node(std::_Rb_tree<_Key, _Val, _KeyOfValue, _Compare, _Alloc>::_Link_type) [with _Key = char; _Val = std::pair<const char, double_token>; _KeyOfValue = std::_Select1st<std::pair<const char, double_token> >; _Compare = std::less<char>; _Alloc = std::allocator<std::pair<const char, double_token> >]	16	static
stl_tree.h:273:7:std::_Rb_tree_iterator<_Tp>::_Rb_tree_iterator(std::_Rb_tree_iterator<_Tp>::_Base_ptr) [with _Tp = std::pair<const char, double_token>]	16	static
stl_tree.h:2187:5:std::pair<std::_Rb_tree_node_base*, std::_Rb_tree_node_base*> std::_Rb_tree<_Key, _Val, _KeyOfValue, _Compare, _Alloc>::_M_get_insert_hint_unique_pos(std::_Rb_tree<_Key, _Val, _KeyOfValue, _Compare, _Alloc>::const_iterator, const key_type&) [with _Key = char; _Val = std::pair<const char, double_token>; _KeyOfValue = std::_Select1st<std::pair<const char, double_token> >; _Compare = std::less<char>; _Alloc = std::allocator<std::pair<const char, double_token> >]	64	static
stl_function.h:1155:7:const typename _Pair::first_type& std::_Select1st<_Pair>::operator()(const _Pair&) const [with _Pair = std::pair<const char, double_token>]	16	static
move.h:74:5:constexpr _Tp&& std::forward(typename std::remove_reference<_Tp>::type&) [with _Tp = const std::pair<const char, double_token>&]	16	static
stl_tree.h:1797:7:std::_Rb_tree<_Key, _Val, _KeyOfValue, _Compare, _Alloc>::iterator std::_Rb_tree<_Key, _Val, _KeyOfValue, _Compare, _Alloc>::_M_insert_(std::_Rb_tree<_Key, _Val, _KeyOfValue, _Compare, _Alloc>::_Base_ptr, std::_Rb_tree<_Key, _Val, _KeyOfValue, _Compare, _Alloc>::_Base_ptr, _Arg&&, _NodeGen&) [with _Arg = const std::pair<const char, double_token>&; _NodeGen = std::_Rb_tree<char, std::pair<const char, double_token>, std::_Select1st<std::pair<const char, double_token> >, std::less<char>, std::allocator<std::pair<const char, double_token> > >::_Alloc_node; _Key = char; _Val = std::pair<const char, double_token>; _KeyOfValue = std::_Select1st<std::pair<const char, double_token> >; _Compare = std::less<char>; _Alloc = std::allocator<std::pair<const char, double_token> >]	48	static
stl_tree.h:637:7:void std::_Rb_tree<_Key, _Val, _KeyOfValue, _Compare, _Alloc>::_M_destroy_node(std::_Rb_tree<_Key, _Val, _KeyOfValue, _Compare, _Alloc>::_Link_type) [with _Key = std::__cxx11::basic_string<char>; _Val = std::pair<const std::__cxx11::basic_string<char>, Symbol>; _KeyOfValue = std::_Select1st<std::pair<const std::__cxx11::basic_string<char>, Symbol> >; _Compare = std::less<std::__cxx11::basic_string<char> >; _Alloc = std::allocator<std::pair<const std::__cxx11::basic_string<char>, Symbol> >]	24	static
stl_tree.h:583:7:void std::_Rb_tree<_Key, _Val, _KeyOfValue, _Compare, _Alloc>::_M_put_node(std::_Rb_tree<_Key, _Val, _KeyOfValue, _Compare, _Alloc>::_Link_type) [with _Key = std::__cxx11::basic_string<char>; _Val = std::pair<const std::__cxx11::basic_string<char>, Symbol>; _KeyOfValue = std::_Select1st<std::pair<const std::__cxx11::basic_string<char>, Symbol> >; _Compare = std::less<std::__cxx11::basic_string<char> >; _Alloc = std::allocator<std::pair<const std::__cxx11::basic_string<char>, Symbol> >]	16	static
stl_tree.h:755:7:std::_Rb_tree_node_base* std::_Rb_tree<_Key, _Val, _KeyOfValue, _Compare, _Alloc>::_M_end() [with _Key = std::__cxx11::basic_string<char>; _Val = std::pair<const std::__cxx11::basic_string<char>, Symbol>; _KeyOfValue = std::_Select1st<std::pair<const std::__cxx11::basic_string<char>, Symbol> >; _Compare = std::less<std::__cxx11::basic_string<char> >; _Alloc = std::allocator<std::pair<const std::__cxx11::basic_string<char>, Symbol> >]	16	static
stl_tree.h:1924:5:std::_Rb_tree<_Key, _Val, _KeyOfValue, _Compare, _Alloc>::iterator std::_Rb_tree<_Key, _Val, _KeyOfValue, _Compare, _Alloc>::_M_lower_bound(std::_Rb_tree<_Key, _Val, _KeyOfValue, _Compare, _Alloc>::_Link_type, std::_Rb_tree<_Key, _Val, _KeyOfValue, _Compare, _Alloc>::_Base_ptr, const _Key&) [with _Key = std::__cxx11::basic_string<char>; _Val = std::pair<const std::__cxx11::basic_string<char>, Symbol>; _KeyOfValue = std::_Select1st<std::pair<const std::__cxx11::basic_string<char>, Symbol> >; _Compare = std::less<std::__cxx11::basic_string<char> >; _Alloc = std::allocator<std::pair<const std::__cxx11::basic_string<char>, Symbol> >]	40	static
aligned_buffer.h:72:7:_Tp* __gnu_cxx::__aligned_membuf<_Tp>::_M_ptr() [with _Tp = std::pair<const std::__cxx11::basic_string<char>, Symbol>]	16	static
tuple:125:17:constexpr std::_Head_base<_Idx, _Head, false>::_Head_base(const _Head&) [with unsigned int _Idx = 0; _Head = const std::__cxx11::basic_string<char>&]	16	static
stl_tree.h:579:7:std::_Rb_tree_node<_Val>* std::_Rb_tree<_Key, _Val, _KeyOfValue, _Compare, _Alloc>::_M_get_node() [with _Key = std::__cxx11::basic_string<char>; _Val = std::pair<const std::__cxx11::basic_string<char>, Symbol>; _KeyOfValue = std::_Select1st<std::pair<const std::__cxx11::basic_string<char>, Symbol> >; _Compare = std::less<std::__cxx11::basic_string<char> >; _Alloc = std::allocator<std::pair<const std::__cxx11::basic_string<char>, Symbol> >]	16	static
stl_tree.h:609:2:) [with _Args = {const std::piecewise_construct_t&, std::tuple<const std::__cxx11::basic_string<char, std::char_traits<char>, std::allocator<char> >&>, std::tuple<>}; _Key = std::__cxx11::basic_string<char>; _Val = std::pair<const std::__cxx11::basic_string<char>, Symbol>; _KeyOfValue = std::_Select1st<std::pair<const std::__cxx11::basic_string<char>, Symbol> >; _Compare = std::less<std::__cxx11::basic_string<char> >; _Alloc = std::allocator<std::pair<const std::__cxx11::basic_string<char>, Symbol> >]	48	static
stl_tree.h:352:7:std::_Rb_tree_const_iterator<_Tp>::iterator std::_Rb_tree_const_iterator<_Tp>::_M_const_cast() const [with _Tp = std::pair<const std::__cxx11::basic_string<char>, Symbol>]	24	static
stl_tree.h:1042:7:std::_Rb_tree<_Key, _Val, _KeyOfValue, _Compare, _Alloc>::size_type std::_Rb_tree<_Key, _Val, _KeyOfValue, _Compare, _Alloc>::size() const [with _Key = std::__cxx11::basic_string<char>; _Val = std::pair<const std::__cxx11::basic_string<char>, Symbol>; _KeyOfValue = std::_Select1st<std::pair<const std::__cxx11::basic_string<char>, Symbol> >; _Compare = std::less<std::__cxx11::basic_string<char> >; _Alloc = std::allocator<std::pair<const std::__cxx11::basic_string<char>, Symbol> >]	16	static
stl_tree.h:736:7:std::_Rb_tree_node_base*& std::_Rb_tree<_Key, _Val, _KeyOfValue, _Compare, _Alloc>::_M_rightmost() [with _Key = std::__cxx11::basic_string<char>; _Val = std::pair<const std::__cxx11::basic_string<char>, Symbol>; _KeyOfValue = std::_Select1st<std::pair<const std::__cxx11::basic_string<char>, Symbol> >; _Compare = std::less<std::__cxx11::basic_string<char> >; _Alloc = std::allocator<std::pair<const std::__cxx11::basic_string<char>, Symbol> >]	16	static
stl_tree.h:809:7:static const _Key& std::_Rb_tree<_Key, _Val, _KeyOfValue, _Compare, _Alloc>::_S_key(std::_Rb_tree<_Key, _Val, _KeyOfValue, _Compare, _Alloc>::_Const_Base_ptr) [with _Key = std::__cxx11::basic_string<char>; _Val = std::pair<const std::__cxx11::basic_string<char>, Symbol>; _KeyOfValue = std::_Select1st<std::pair<const std::__cxx11::basic_string<char>, Symbol> >; _Compare = std::less<std::__cxx11::basic_string<char> >; _Alloc = std::allocator<std::pair<const std::__cxx11::basic_string<char>, Symbol> >]	16	static
stl_pair.h:325:18:constexpr std::pair<_T1, _T2>::pair(const _T1&, _U2&&) [with _U2 = std::_Rb_tree_node_base*&; typename std::enable_if<std::_PCC<true, _T1, _T2>::_CopyMovePair<true, _T1, _U2>(), bool>::type <anonymous> = true; _T1 = std::_Rb_tree_node_base*; _T2 = std::_Rb_tree_node_base*]	24	static
stl_tree.h:2085:5:std::pair<std::_Rb_tree_node_base*, std::_Rb_tree_node_base*> std::_Rb_tree<_Key, _Val, _KeyOfValue, _Compare, _Alloc>::_M_get_insert_unique_pos(const key_type&) [with _Key = std::__cxx11::basic_string<char>; _Val = std::pair<const std::__cxx11::basic_string<char>, Symbol>; _KeyOfValue = std::_Select1st<std::pair<const std::__cxx11::basic_string<char>, Symbol> >; _Compare = std::less<std::__cxx11::basic_string<char> >; _Alloc = std::allocator<std::pair<const std::__cxx11::basic_string<char>, Symbol> >]	56	static
stl_tree.h:728:7:std::_Rb_tree_node_base*& std::_Rb_tree<_Key, _Val, _KeyOfValue, _Compare, _Alloc>::_M_leftmost() [with _Key = std::__cxx11::basic_string<char>; _Val = std::pair<const std::__cxx11::basic_string<char>, Symbol>; _KeyOfValue = std::_Select1st<std::pair<const std::__cxx11::basic_string<char>, Symbol> >; _Compare = std::less<std::__cxx11::basic_string<char> >; _Alloc = std::allocator<std::pair<const std::__cxx11::basic_string<char>, Symbol> >]	16	static
stl_pair.h:341:12:constexpr std::pair<_T1, _T2>::pair(_U1&&, _U2&&) [with _U1 = std::_Rb_tree_node_base*&; _U2 = std::_Rb_tree_node_base*&; typename std::enable_if<(std::_PCC<true, _T1, _T2>::_MoveConstructiblePair<_U1, _U2>() && std::_PCC<true, _T1, _T2>::_ImplicitlyMoveConvertiblePair<_U1, _U2>()), bool>::type <anonymous> = true; _T1 = std::_Rb_tree_node_base*; _T2 = std::_Rb_tree_node_base*]	24	static
stl_tree.h:300:7:std::_Rb_tree_iterator<_Tp>::_Self& std::_Rb_tree_iterator<_Tp>::operator--() [with _Tp = std::pair<const std::__cxx11::basic_string<char>, Symbol>]	16	static
stl_tree.h:285:7:std::_Rb_tree_iterator<_Tp>::_Self& std::_Rb_tree_iterator<_Tp>::operator++() [with _Tp = std::pair<const std::__cxx11::basic_string<char>, Symbol>]	16	static
stl_pair.h:311:18:constexpr std::pair<_T1, _T2>::pair(_U1&&, const _T2&) [with _U1 = std::_Rb_tree_node_base*&; typename std::enable_if<std::_PCC<true, _T1, _T2>::_MoveCopyPair<true, _U1, _T2>(), bool>::type <anonymous> = true; _T1 = std::_Rb_tree_node_base*; _T2 = std::_Rb_tree_node_base*]	24	static
stl_tree.h:238:7:const _Val* std::_Rb_tree_node<_Val>::_M_valptr() const [with _Val = std::pair<const std::__cxx11::basic_string<char>, Symbol>]	16	static
stl_function.h:1155:7:const typename _Pair::first_type& std::_Select1st<_Pair>::operator()(const _Pair&) const [with _Pair = std::pair<const std::__cxx11::basic_string<char>, Symbol>]	16	static
type_traits.h:152:5:bool __gnu_cxx::__is_null_pointer(_Type*) [with _Type = const char]	16	static
stl_iterator_base_types.h:205:5:constexpr typename std::iterator_traits<_Iterator>::iterator_category std::__iterator_category(const _Iter&) [with _Iter = const char*]	16	static
stl_iterator_base_funcs.h:98:5:constexpr typename std::iterator_traits<_Iterator>::difference_type std::__distance(_RandomAccessIterator, _RandomAccessIterator, std::random_access_iterator_tag) [with _RandomAccessIterator = const char*]	24	static
new_allocator.h:83:7:__gnu_cxx::new_allocator<_Tp>::new_allocator(const __gnu_cxx::new_allocator<_Tp>&) [with _Tp = std::_Rb_tree_node<std::pair<const char, token_type> >]	16	static
stl_tree.h:637:7:void std::_Rb_tree<_Key, _Val, _KeyOfValue, _Compare, _Alloc>::_M_destroy_node(std::_Rb_tree<_Key, _Val, _KeyOfValue, _Compare, _Alloc>::_Link_type) [with _Key = char; _Val = std::pair<const char, token_type>; _KeyOfValue = std::_Select1st<std::pair<const char, token_type> >; _Compare = std::less<char>; _Alloc = std::allocator<std::pair<const char, token_type> >]	24	static
stl_tree.h:583:7:void std::_Rb_tree<_Key, _Val, _KeyOfValue, _Compare, _Alloc>::_M_put_node(std::_Rb_tree<_Key, _Val, _KeyOfValue, _Compare, _Alloc>::_Link_type) [with _Key = char; _Val = std::pair<const char, token_type>; _KeyOfValue = std::_Select1st<std::pair<const char, token_type> >; _Compare = std::less<char>; _Alloc = std::allocator<std::pair<const char, token_type> >]	16	static
stl_tree.h:352:7:std::_Rb_tree_const_iterator<_Tp>::iterator std::_Rb_tree_const_iterator<_Tp>::_M_const_cast() const [with _Tp = std::pair<const char, token_type>]	24	static
stl_tree.h:755:7:std::_Rb_tree_node_base* std::_Rb_tree<_Key, _Val, _KeyOfValue, _Compare, _Alloc>::_M_end() [with _Key = char; _Val = std::pair<const char, token_type>; _KeyOfValue = std::_Select1st<std::pair<const char, token_type> >; _Compare = std::less<char>; _Alloc = std::allocator<std::pair<const char, token_type> >]	16	static
stl_tree.h:1042:7:std::_Rb_tree<_Key, _Val, _KeyOfValue, _Compare, _Alloc>::size_type std::_Rb_tree<_Key, _Val, _KeyOfValue, _Compare, _Alloc>::size() const [with _Key = char; _Val = std::pair<const char, token_type>; _KeyOfValue = std::_Select1st<std::pair<const char, token_type> >; _Compare = std::less<char>; _Alloc = std::allocator<std::pair<const char, token_type> >]	16	static
stl_tree.h:736:7:std::_Rb_tree_node_base*& std::_Rb_tree<_Key, _Val, _KeyOfValue, _Compare, _Alloc>::_M_rightmost() [with _Key = char; _Val = std::pair<const char, token_type>; _KeyOfValue = std::_Select1st<std::pair<const char, token_type> >; _Compare = std::less<char>; _Alloc = std::allocator<std::pair<const char, token_type> >]	16	static
stl_tree.h:809:7:static const _Key& std::_Rb_tree<_Key, _Val, _KeyOfValue, _Compare, _Alloc>::_S_key(std::_Rb_tree<_Key, _Val, _KeyOfValue, _Compare, _Alloc>::_Const_Base_ptr) [with _Key = char; _Val = std::pair<const char, token_type>; _KeyOfValue = std::_Select1st<std::pair<const char, token_type> >; _Compare = std::less<char>; _Alloc = std::allocator<std::pair<const char, token_type> >]	16	static
stl_function.h:385:7:constexpr bool std::less<_Tp>::operator()(const _Tp&, const _Tp&) const [with _Tp = char]	24	static
stl_tree.h:2085:5:std::pair<std::_Rb_tree_node_base*, std::_Rb_tree_node_base*> std::_Rb_tree<_Key, _Val, _KeyOfValue, _Compare, _Alloc>::_M_get_insert_unique_pos(const key_type&) [with _Key = char; _Val = std::pair<const char, token_type>; _KeyOfValue = std::_Select1st<std::pair<const char, token_type> >; _Compare = std::less<char>; _Alloc = std::allocator<std::pair<const char, token_type> >]	56	static
stl_tree.h:728:7:std::_Rb_tree_node_base*& std::_Rb_tree<_Key, _Val, _KeyOfValue, _Compare, _Alloc>::_M_leftmost() [with _Key = char; _Val = std::pair<const char, token_type>; _KeyOfValue = std::_Select1st<std::pair<const char, token_type> >; _Compare = std::less<char>; _Alloc = std::allocator<std::pair<const char, token_type> >]	16	static
stl_tree.h:300:7:std::_Rb_tree_iterator<_Tp>::_Self& std::_Rb_tree_iterator<_Tp>::operator--() [with _Tp = std::pair<const char, token_type>]	16	static
stl_tree.h:285:7:std::_Rb_tree_iterator<_Tp>::_Self& std::_Rb_tree_iterator<_Tp>::operator++() [with _Tp = std::pair<const char, token_type>]	16	static
stl_tree.h:546:4:std::_Rb_tree_node<_Val>* std::_Rb_tree<_Key, _Val, _KeyOfValue, _Compare, _Alloc>::_Alloc_node::operator()(_Arg&&) const [with _Arg = const std::pair<const char, token_type>&; _Key = char; _Val = std::pair<const char, token_type>; _KeyOfValue = std::_Select1st<std::pair<const char, token_type> >; _Compare = std::less<char>; _Alloc = std::allocator<std::pair<const char, token_type> >]	24	static
new_allocator.h:83:7:__gnu_cxx::new_allocator<_Tp>::new_allocator(const __gnu_cxx::new_allocator<_Tp>&) [with _Tp = std::_Rb_tree_node<std::pair<const std::__cxx11::basic_string<char>, token_type> >]	16	static
stl_tree.h:637:7:void std::_Rb_tree<_Key, _Val, _KeyOfValue, _Compare, _Alloc>::_M_destroy_node(std::_Rb_tree<_Key, _Val, _KeyOfValue, _Compare, _Alloc>::_Link_type) [with _Key = std::__cxx11::basic_string<char>; _Val = std::pair<const std::__cxx11::basic_string<char>, token_type>; _KeyOfValue = std::_Select1st<std::pair<const std::__cxx11::basic_string<char>, token_type> >; _Compare = std::less<std::__cxx11::basic_string<char> >; _Alloc = std::allocator<std::pair<const std::__cxx11::basic_string<char>, token_type> >]	24	static
stl_tree.h:583:7:void std::_Rb_tree<_Key, _Val, _KeyOfValue, _Compare, _Alloc>::_M_put_node(std::_Rb_tree<_Key, _Val, _KeyOfValue, _Compare, _Alloc>::_Link_type) [with _Key = std::__cxx11::basic_string<char>; _Val = std::pair<const std::__cxx11::basic_string<char>, token_type>; _KeyOfValue = std::_Select1st<std::pair<const std::__cxx11::basic_string<char>, token_type> >; _Compare = std::less<std::__cxx11::basic_string<char> >; _Alloc = std::allocator<std::pair<const std::__cxx11::basic_string<char>, token_type> >]	16	static
stl_tree.h:352:7:std::_Rb_tree_const_iterator<_Tp>::iterator std::_Rb_tree_const_iterator<_Tp>::_M_const_cast() const [with _Tp = std::pair<const std::__cxx11::basic_string<char>, token_type>]	24	static
stl_tree.h:755:7:std::_Rb_tree_node_base* std::_Rb_tree<_Key, _Val, _KeyOfValue, _Compare, _Alloc>::_M_end() [with _Key = std::__cxx11::basic_string<char>; _Val = std::pair<const std::__cxx11::basic_string<char>, token_type>; _KeyOfValue = std::_Select1st<std::pair<const std::__cxx11::basic_string<char>, token_type> >; _Compare = std::less<std::__cxx11::basic_string<char> >; _Alloc = std::allocator<std::pair<const std::__cxx11::basic_string<char>, token_type> >]	16	static
stl_tree.h:1042:7:std::_Rb_tree<_Key, _Val, _KeyOfValue, _Compare, _Alloc>::size_type std::_Rb_tree<_Key, _Val, _KeyOfValue, _Compare, _Alloc>::size() const [with _Key = std::__cxx11::basic_string<char>; _Val = std::pair<const std::__cxx11::basic_string<char>, token_type>; _KeyOfValue = std::_Select1st<std::pair<const std::__cxx11::basic_string<char>, token_type> >; _Compare = std::less<std::__cxx11::basic_string<char> >; _Alloc = std::allocator<std::pair<const std::__cxx11::basic_string<char>, token_type> >]	16	static
stl_tree.h:736:7:std::_Rb_tree_node_base*& std::_Rb_tree<_Key, _Val, _KeyOfValue, _Compare, _Alloc>::_M_rightmost() [with _Key = std::__cxx11::basic_string<char>; _Val = std::pair<const std::__cxx11::basic_string<char>, token_type>; _KeyOfValue = std::_Select1st<std::pair<const std::__cxx11::basic_string<char>, token_type> >; _Compare = std::less<std::__cxx11::basic_string<char> >; _Alloc = std::allocator<std::pair<const std::__cxx11::basic_string<char>, token_type> >]	16	static
stl_tree.h:809:7:static const _Key& std::_Rb_tree<_Key, _Val, _KeyOfValue, _Compare, _Alloc>::_S_key(std::_Rb_tree<_Key, _Val, _KeyOfValue, _Compare, _Alloc>::_Const_Base_ptr) [with _Key = std::__cxx11::basic_string<char>; _Val = std::pair<const std::__cxx11::basic_string<char>, token_type>; _KeyOfValue = std::_Select1st<std::pair<const std::__cxx11::basic_string<char>, token_type> >; _Compare = std::less<std::__cxx11::basic_string<char> >; _Alloc = std::allocator<std::pair<const std::__cxx11::basic_string<char>, token_type> >]	16	static
stl_tree.h:2085:5:std::pair<std::_Rb_tree_node_base*, std::_Rb_tree_node_base*> std::_Rb_tree<_Key, _Val, _KeyOfValue, _Compare, _Alloc>::_M_get_insert_unique_pos(const key_type&) [with _Key = std::__cxx11::basic_string<char>; _Val = std::pair<const std::__cxx11::basic_string<char>, token_type>; _KeyOfValue = std::_Select1st<std::pair<const std::__cxx11::basic_string<char>, token_type> >; _Compare = std::less<std::__cxx11::basic_string<char> >; _Alloc = std::allocator<std::pair<const std::__cxx11::basic_string<char>, token_type> >]	56	static
stl_tree.h:728:7:std::_Rb_tree_node_base*& std::_Rb_tree<_Key, _Val, _KeyOfValue, _Compare, _Alloc>::_M_leftmost() [with _Key = std::__cxx11::basic_string<char>; _Val = std::pair<const std::__cxx11::basic_string<char>, token_type>; _KeyOfValue = std::_Select1st<std::pair<const std::__cxx11::basic_string<char>, token_type> >; _Compare = std::less<std::__cxx11::basic_string<char> >; _Alloc = std::allocator<std::pair<const std::__cxx11::basic_string<char>, token_type> >]	16	static
stl_tree.h:300:7:std::_Rb_tree_iterator<_Tp>::_Self& std::_Rb_tree_iterator<_Tp>::operator--() [with _Tp = std::pair<const std::__cxx11::basic_string<char>, token_type>]	16	static
stl_tree.h:285:7:std::_Rb_tree_iterator<_Tp>::_Self& std::_Rb_tree_iterator<_Tp>::operator++() [with _Tp = std::pair<const std::__cxx11::basic_string<char>, token_type>]	16	static
stl_tree.h:546:4:std::_Rb_tree_node<_Val>* std::_Rb_tree<_Key, _Val, _KeyOfValue, _Compare, _Alloc>::_Alloc_node::operator()(_Arg&&) const [with _Arg = const std::pair<const std::__cxx11::basic_string<char>, token_type>&; _Key = std::__cxx11::basic_string<char>; _Val = std::pair<const std::__cxx11::basic_string<char>, token_type>; _KeyOfValue = std::_Select1st<std::pair<const std::__cxx11::basic_string<char>, token_type> >; _Compare = std::less<std::__cxx11::basic_string<char> >; _Alloc = std::allocator<std::pair<const std::__cxx11::basic_string<char>, token_type> >]	24	static
new_allocator.h:83:7:__gnu_cxx::new_allocator<_Tp>::new_allocator(const __gnu_cxx::new_allocator<_Tp>&) [with _Tp = std::_Rb_tree_node<std::pair<const char, double_token> >]	16	static
stl_tree.h:637:7:void std::_Rb_tree<_Key, _Val, _KeyOfValue, _Compare, _Alloc>::_M_destroy_node(std::_Rb_tree<_Key, _Val, _KeyOfValue, _Compare, _Alloc>::_Link_type) [with _Key = char; _Val = std::pair<const char, double_token>; _KeyOfValue = std::_Select1st<std::pair<const char, double_token> >; _Compare = std::less<char>; _Alloc = std::allocator<std::pair<const char, double_token> >]	24	static
stl_tree.h:583:7:void std::_Rb_tree<_Key, _Val, _KeyOfValue, _Compare, _Alloc>::_M_put_node(std::_Rb_tree<_Key, _Val, _KeyOfValue, _Compare, _Alloc>::_Link_type) [with _Key = char; _Val = std::pair<const char, double_token>; _KeyOfValue = std::_Select1st<std::pair<const char, double_token> >; _Compare = std::less<char>; _Alloc = std::allocator<std::pair<const char, double_token> >]	16	static
stl_tree.h:352:7:std::_Rb_tree_const_iterator<_Tp>::iterator std::_Rb_tree_const_iterator<_Tp>::_M_const_cast() const [with _Tp = std::pair<const char, double_token>]	24	static
stl_tree.h:755:7:std::_Rb_tree_node_base* std::_Rb_tree<_Key, _Val, _KeyOfValue, _Compare, _Alloc>::_M_end() [with _Key = char; _Val = std::pair<const char, double_token>; _KeyOfValue = std::_Select1st<std::pair<const char, double_token> >; _Compare = std::less<char>; _Alloc = std::allocator<std::pair<const char, double_token> >]	16	static
stl_tree.h:1042:7:std::_Rb_tree<_Key, _Val, _KeyOfValue, _Compare, _Alloc>::size_type std::_Rb_tree<_Key, _Val, _KeyOfValue, _Compare, _Alloc>::size() const [with _Key = char; _Val = std::pair<const char, double_token>; _KeyOfValue = std::_Select1st<std::pair<const char, double_token> >; _Compare = std::less<char>; _Alloc = std::allocator<std::pair<const char, double_token> >]	16	static
stl_tree.h:736:7:std::_Rb_tree_node_base*& std::_Rb_tree<_Key, _Val, _KeyOfValue, _Compare, _Alloc>::_M_rightmost() [with _Key = char; _Val = std::pair<const char, double_token>; _KeyOfValue = std::_Select1st<std::pair<const char, double_token> >; _Compare = std::less<char>; _Alloc = std::allocator<std::pair<const char, double_token> >]	16	static
stl_tree.h:809:7:static const _Key& std::_Rb_tree<_Key, _Val, _KeyOfValue, _Compare, _Alloc>::_S_key(std::_Rb_tree<_Key, _Val, _KeyOfValue, _Compare, _Alloc>::_Const_Base_ptr) [with _Key = char; _Val = std::pair<const char, double_token>; _KeyOfValue = std::_Select1st<std::pair<const char, double_token> >; _Compare = std::less<char>; _Alloc = std::allocator<std::pair<const char, double_token> >]	16	static
stl_tree.h:2085:5:std::pair<std::_Rb_tree_node_base*, std::_Rb_tree_node_base*> std::_Rb_tree<_Key, _Val, _KeyOfValue, _Compare, _Alloc>::_M_get_insert_unique_pos(const key_type&) [with _Key = char; _Val = std::pair<const char, double_token>; _KeyOfValue = std::_Select1st<std::pair<const char, double_token> >; _Compare = std::less<char>; _Alloc = std::allocator<std::pair<const char, double_token> >]	56	static
stl_tree.h:728:7:std::_Rb_tree_node_base*& std::_Rb_tree<_Key, _Val, _KeyOfValue, _Compare, _Alloc>::_M_leftmost() [with _Key = char; _Val = std::pair<const char, double_token>; _KeyOfValue = std::_Select1st<std::pair<const char, double_token> >; _Compare = std::less<char>; _Alloc = std::allocator<std::pair<const char, double_token> >]	16	static
stl_tree.h:300:7:std::_Rb_tree_iterator<_Tp>::_Self& std::_Rb_tree_iterator<_Tp>::operator--() [with _Tp = std::pair<const char, double_token>]	16	static
stl_tree.h:285:7:std::_Rb_tree_iterator<_Tp>::_Self& std::_Rb_tree_iterator<_Tp>::operator++() [with _Tp = std::pair<const char, double_token>]	16	static
stl_tree.h:546:4:std::_Rb_tree_node<_Val>* std::_Rb_tree<_Key, _Val, _KeyOfValue, _Compare, _Alloc>::_Alloc_node::operator()(_Arg&&) const [with _Arg = const std::pair<const char, double_token>&; _Key = char; _Val = std::pair<const char, double_token>; _KeyOfValue = std::_Select1st<std::pair<const char, double_token> >; _Compare = std::less<char>; _Alloc = std::allocator<std::pair<const char, double_token> >]	24	static
stl_tree.h:566:7:std::_Rb_tree<_Key, _Val, _KeyOfValue, _Compare, _Alloc>::_Node_allocator& std::_Rb_tree<_Key, _Val, _KeyOfValue, _Compare, _Alloc>::_M_get_Node_allocator() [with _Key = std::__cxx11::basic_string<char>; _Val = std::pair<const std::__cxx11::basic_string<char>, Symbol>; _KeyOfValue = std::_Select1st<std::pair<const std::__cxx11::basic_string<char>, Symbol> >; _Compare = std::less<std::__cxx11::basic_string<char> >; _Alloc = std::allocator<std::pair<const std::__cxx11::basic_string<char>, Symbol> >]	16	static
alloc_traits.h:495:2:static void std::allocator_traits<std::allocator<_Tp> >::destroy(std::allocator_traits<std::allocator<_Tp> >::allocator_type&, _Up*) [with _Up = std::pair<const std::__cxx11::basic_string<char>, Symbol>; _Tp = std::_Rb_tree_node<std::pair<const std::__cxx11::basic_string<char>, Symbol> >]	16	static
alloc_traits.h:469:7:static void std::allocator_traits<std::allocator<_Tp> >::deallocate(std::allocator_traits<std::allocator<_Tp> >::allocator_type&, std::allocator_traits<std::allocator<_Tp> >::pointer, std::allocator_traits<std::allocator<_Tp> >::size_type) [with _Tp = std::_Rb_tree_node<std::pair<const std::__cxx11::basic_string<char>, Symbol> >]	24	static
aligned_buffer.h:64:7:void* __gnu_cxx::__aligned_membuf<_Tp>::_M_addr() [with _Tp = std::pair<const std::__cxx11::basic_string<char>, Symbol>]	16	static
alloc_traits.h:443:7:static _Tp* std::allocator_traits<std::allocator<_Tp> >::allocate(std::allocator_traits<std::allocator<_Tp> >::allocator_type&, std::allocator_traits<std::allocator<_Tp> >::size_type) [with _Tp = std::_Rb_tree_node<std::pair<const std::__cxx11::basic_string<char>, Symbol> >]	16	static
alloc_traits.h:482:2:) [with _Up = std::pair<const std::__cxx11::basic_string<char>, Symbol>; _Args = {const std::piecewise_construct_t&, std::tuple<const std::__cxx11::basic_string<char, std::char_traits<char>, std::allocator<char> >&>, std::tuple<>}; _Tp = std::_Rb_tree_node<std::pair<const std::__cxx11::basic_string<char>, Symbol> >]	40	static
move.h:74:5:constexpr _Tp&& std::forward(typename std::remove_reference<_Tp>::type&) [with _Tp = std::_Rb_tree_node_base*&]	16	static
stl_tree.h:1006:7:std::_Rb_tree<_Key, _Val, _KeyOfValue, _Compare, _Alloc>::iterator std::_Rb_tree<_Key, _Val, _KeyOfValue, _Compare, _Alloc>::begin() [with _Key = std::__cxx11::basic_string<char>; _Val = std::pair<const std::__cxx11::basic_string<char>, Symbol>; _KeyOfValue = std::_Select1st<std::pair<const std::__cxx11::basic_string<char>, Symbol> >; _Compare = std::less<std::__cxx11::basic_string<char> >; _Alloc = std::allocator<std::pair<const std::__cxx11::basic_string<char>, Symbol> >]	24	static
stl_pair.h:341:12:constexpr std::pair<_T1, _T2>::pair(_U1&&, _U2&&) [with _U1 = std::_Rb_tree_node<std::pair<const std::__cxx11::basic_string<char>, Symbol> >*&; _U2 = std::_Rb_tree_node_base*&; typename std::enable_if<(std::_PCC<true, _T1, _T2>::_MoveConstructiblePair<_U1, _U2>() && std::_PCC<true, _T1, _T2>::_ImplicitlyMoveConvertiblePair<_U1, _U2>()), bool>::type <anonymous> = true; _T1 = std::_Rb_tree_node_base*; _T2 = std::_Rb_tree_node_base*]	24	static
aligned_buffer.h:76:7:const _Tp* __gnu_cxx::__aligned_membuf<_Tp>::_M_ptr() const [with _Tp = std::pair<const std::__cxx11::basic_string<char>, Symbol>]	16	static
stl_tree.h:566:7:std::_Rb_tree<_Key, _Val, _KeyOfValue, _Compare, _Alloc>::_Node_allocator& std::_Rb_tree<_Key, _Val, _KeyOfValue, _Compare, _Alloc>::_M_get_Node_allocator() [with _Key = char; _Val = std::pair<const char, token_type>; _KeyOfValue = std::_Select1st<std::pair<const char, token_type> >; _Compare = std::less<char>; _Alloc = std::allocator<std::pair<const char, token_type> >]	16	static
stl_tree.h:234:7:_Val* std::_Rb_tree_node<_Val>::_M_valptr() [with _Val = std::pair<const char, token_type>]	16	static
alloc_traits.h:495:2:static void std::allocator_traits<std::allocator<_Tp> >::destroy(std::allocator_traits<std::allocator<_Tp> >::allocator_type&, _Up*) [with _Up = std::pair<const char, token_type>; _Tp = std::_Rb_tree_node<std::pair<const char, token_type> >]	16	static
alloc_traits.h:469:7:static void std::allocator_traits<std::allocator<_Tp> >::deallocate(std::allocator_traits<std::allocator<_Tp> >::allocator_type&, std::allocator_traits<std::allocator<_Tp> >::pointer, std::allocator_traits<std::allocator<_Tp> >::size_type) [with _Tp = std::_Rb_tree_node<std::pair<const char, token_type> >]	24	static
stl_tree.h:767:7:static const _Key& std::_Rb_tree<_Key, _Val, _KeyOfValue, _Compare, _Alloc>::_S_key(std::_Rb_tree<_Key, _Val, _KeyOfValue, _Compare, _Alloc>::_Const_Link_type) [with _Key = char; _Val = std::pair<const char, token_type>; _KeyOfValue = std::_Select1st<std::pair<const char, token_type> >; _Compare = std::less<char>; _Alloc = std::allocator<std::pair<const char, token_type> >]	24	static
stl_tree.h:1006:7:std::_Rb_tree<_Key, _Val, _KeyOfValue, _Compare, _Alloc>::iterator std::_Rb_tree<_Key, _Val, _KeyOfValue, _Compare, _Alloc>::begin() [with _Key = char; _Val = std::pair<const char, token_type>; _KeyOfValue = std::_Select1st<std::pair<const char, token_type> >; _Compare = std::less<char>; _Alloc = std::allocator<std::pair<const char, token_type> >]	24	static
stl_tree.h:315:7:bool std::operator==(const _Self&, const _Self&)	16	static
stl_pair.h:341:12:constexpr std::pair<_T1, _T2>::pair(_U1&&, _U2&&) [with _U1 = std::_Rb_tree_node<std::pair<const char, token_type> >*&; _U2 = std::_Rb_tree_node_base*&; typename std::enable_if<(std::_PCC<true, _T1, _T2>::_MoveConstructiblePair<_U1, _U2>() && std::_PCC<true, _T1, _T2>::_ImplicitlyMoveConvertiblePair<_U1, _U2>()), bool>::type <anonymous> = true; _T1 = std::_Rb_tree_node_base*; _T2 = std::_Rb_tree_node_base*]	24	static
stl_tree.h:628:2:) [with _Args = {const std::pair<const char, token_type>&}; _Key = char; _Val = std::pair<const char, token_type>; _KeyOfValue = std::_Select1st<std::pair<const char, token_type> >; _Compare = std::less<char>; _Alloc = std::allocator<std::pair<const char, token_type> >]	24	static
stl_tree.h:566:7:std::_Rb_tree<_Key, _Val, _KeyOfValue, _Compare, _Alloc>::_Node_allocator& std::_Rb_tree<_Key, _Val, _KeyOfValue, _Compare, _Alloc>::_M_get_Node_allocator() [with _Key = std::__cxx11::basic_string<char>; _Val = std::pair<const std::__cxx11::basic_string<char>, token_type>; _KeyOfValue = std::_Select1st<std::pair<const std::__cxx11::basic_string<char>, token_type> >; _Compare = std::less<std::__cxx11::basic_string<char> >; _Alloc = std::allocator<std::pair<const std::__cxx11::basic_string<char>, token_type> >]	16	static
stl_tree.h:234:7:_Val* std::_Rb_tree_node<_Val>::_M_valptr() [with _Val = std::pair<const std::__cxx11::basic_string<char>, token_type>]	16	static
alloc_traits.h:495:2:static void std::allocator_traits<std::allocator<_Tp> >::destroy(std::allocator_traits<std::allocator<_Tp> >::allocator_type&, _Up*) [with _Up = std::pair<const std::__cxx11::basic_string<char>, token_type>; _Tp = std::_Rb_tree_node<std::pair<const std::__cxx11::basic_string<char>, token_type> >]	16	static
[...]
move.h:74:5:constexpr _Tp&& std::forward(typename std::remove_reference<_Tp>::type&) [with _Tp = bool&]	16	static
invoke.h:59:5:>::_M_reset_impl() [with _Types = {int, float, bool, std::__cxx11::basic_string<char, std::char_traits<char>, std::allocator<char> >, std::vector<std::__cxx11::basic_string<char, std::char_traits<char>, std::allocator<char> >, std::allocator<std::__cxx11::basic_string<char, std::char_traits<char>, std::allocator<char> > > >, std::vector<int, std::allocator<int> >, std::vector<float, std::allocator<float> >, std::vector<bool, std::allocator<bool> >}]::<lambda(auto:1&&)>; _Args = {bool&}]	32	static
aligned_buffer.h:72:7:_Tp* __gnu_cxx::__aligned_membuf<_Tp>::_M_ptr() [with _Tp = std::__cxx11::basic_string<char>]	16	static
move.h:74:5:constexpr _Tp&& std::forward(typename std::remove_reference<_Tp>::type&) [with _Tp = std::__cxx11::basic_string<char>&]	16	static
invoke.h:59:5:>::_M_reset_impl() [with _Types = {int, float, bool, std::__cxx11::basic_string<char, std::char_traits<char>, std::allocator<char> >, std::vector<std::__cxx11::basic_string<char, std::char_traits<char>, std::allocator<char> >, std::allocator<std::__cxx11::basic_string<char, std::char_traits<char>, std::allocator<char> > > >, std::vector<int, std::allocator<int> >, std::vector<float, std::allocator<float> >, std::vector<bool, std::allocator<bool> >}]::<lambda(auto:1&&)>; _Args = {std::__cxx11::basic_string<char, std::char_traits<char>, std::allocator<char> >&}]	32	static
aligned_buffer.h:72:7:_Tp* __gnu_cxx::__aligned_membuf<_Tp>::_M_ptr() [with _Tp = std::vector<std::__cxx11::basic_string<char> >]	16	static
move.h:74:5:constexpr _Tp&& std::forward(typename std::remove_reference<_Tp>::type&) [with _Tp = std::vector<std::__cxx11::basic_string<char> >&]	16	static
invoke.h:59:5:>::_M_reset_impl() [with _Types = {int, float, bool, std::__cxx11::basic_string<char, std::char_traits<char>, std::allocator<char> >, std::vector<std::__cxx11::basic_string<char, std::char_traits<char>, std::allocator<char> >, std::allocator<std::__cxx11::basic_string<char, std::char_traits<char>, std::allocator<char> > > >, std::vector<int, std::allocator<int> >, std::vector<float, std::allocator<float> >, std::vector<bool, std::allocator<bool> >}]::<lambda(auto:1&&)>; _Args = {std::vector<std::__cxx11::basic_string<char, std::char_traits<char>, std::allocator<char> >, std::allocator<std::__cxx11::basic_string<char, std::char_traits<char>, std::allocator<char> > > >&}]	32	static
aligned_buffer.h:72:7:_Tp* __gnu_cxx::__aligned_membuf<_Tp>::_M_ptr() [with _Tp = std::vector<int>]	16	static
move.h:74:5:constexpr _Tp&& std::forward(typename std::remove_reference<_Tp>::type&) [with _Tp = std::vector<int>&]	16	static
invoke.h:59:5:>::_M_reset_impl() [with _Types = {int, float, bool, std::__cxx11::basic_string<char, std::char_traits<char>, std::allocator<char> >, std::vector<std::__cxx11::basic_string<char, std::char_traits<char>, std::allocator<char> >, std::allocator<std::__cxx11::basic_string<char, std::char_traits<char>, std::allocator<char> > > >, std::vector<int, std::allocator<int> >, std::vector<float, std::allocator<float> >, std::vector<bool, std::allocator<bool> >}]::<lambda(auto:1&&)>; _Args = {std::vector<int, std::allocator<int> >&}]	32	static
aligned_buffer.h:72:7:_Tp* __gnu_cxx::__aligned_membuf<_Tp>::_M_ptr() [with _Tp = std::vector<float>]	16	static
move.h:74:5:constexpr _Tp&& std::forward(typename std::remove_reference<_Tp>::type&) [with _Tp = std::vector<float>&]	16	static
invoke.h:59:5:>::_M_reset_impl() [with _Types = {int, float, bool, std::__cxx11::basic_string<char, std::char_traits<char>, std::allocator<char> >, std::vector<std::__cxx11::basic_string<char, std::char_traits<char>, std::allocator<char> >, std::allocator<std::__cxx11::basic_string<char, std::char_traits<char>, std::allocator<char> > > >, std::vector<int, std::allocator<int> >, std::vector<float, std::allocator<float> >, std::vector<bool, std::allocator<bool> >}]::<lambda(auto:1&&)>; _Args = {std::vector<float, std::allocator<float> >&}]	32	static
aligned_buffer.h:72:7:_Tp* __gnu_cxx::__aligned_membuf<_Tp>::_M_ptr() [with _Tp = std::vector<bool>]	16	static
move.h:74:5:constexpr _Tp&& std::forward(typename std::remove_reference<_Tp>::type&) [with _Tp = std::vector<bool>&]	16	static
invoke.h:59:5:>::_M_reset_impl() [with _Types = {int, float, bool, std::__cxx11::basic_string<char, std::char_traits<char>, std::allocator<char> >, std::vector<std::__cxx11::basic_string<char, std::char_traits<char>, std::allocator<char> >, std::allocator<std::__cxx11::basic_string<char, std::char_traits<char>, std::allocator<char> > > >, std::vector<int, std::allocator<int> >, std::vector<float, std::allocator<float> >, std::vector<bool, std::allocator<bool> >}]::<lambda(auto:1&&)>; _Args = {std::vector<bool, std::allocator<bool> >&}]	32	static
variant:385:13:>::_M_reset_impl() [with _Types = {int, float, bool, std::__cxx11::basic_string<char, std::char_traits<char>, std::allocator<char> >, std::vector<std::__cxx11::basic_string<char, std::char_traits<char>, std::allocator<char> >, std::allocator<std::__cxx11::basic_string<char, std::char_traits<char>, std::allocator<char> > > >, std::vector<int, std::allocator<int> >, std::vector<float, std::allocator<float> >, std::vector<bool, std::allocator<bool> >}]::<lambda(auto:1&&)> mutable [with auto:1 = int&]	24	static
variant:385:13:>::_M_reset_impl() [with _Types = {int, float, bool, std::__cxx11::basic_string<char, std::char_traits<char>, std::allocator<char> >, std::vector<std::__cxx11::basic_string<char, std::char_traits<char>, std::allocator<char> >, std::allocator<std::__cxx11::basic_string<char, std::char_traits<char>, std::allocator<char> > > >, std::vector<int, std::allocator<int> >, std::vector<float, std::allocator<float> >, std::vector<bool, std::allocator<bool> >}]::<lambda(auto:1&&)> mutable [with auto:1 = float&]	24	static
variant:385:13:>::_M_reset_impl() [with _Types = {int, float, bool, std::__cxx11::basic_string<char, std::char_traits<char>, std::allocator<char> >, std::vector<std::__cxx11::basic_string<char, std::char_traits<char>, std::allocator<char> >, std::allocator<std::__cxx11::basic_string<char, std::char_traits<char>, std::allocator<char> > > >, std::vector<int, std::allocator<int> >, std::vector<float, std::allocator<float> >, std::vector<bool, std::allocator<bool> >}]::<lambda(auto:1&&)> mutable [with auto:1 = bool&]	24	static
aligned_buffer.h:64:7:void* __gnu_cxx::__aligned_membuf<_Tp>::_M_addr() [with _Tp = std::__cxx11::basic_string<char>]	16	static
variant:385:13:>::_M_reset_impl() [with _Types = {int, float, bool, std::__cxx11::basic_string<char, std::char_traits<char>, std::allocator<char> >, std::vector<std::__cxx11::basic_string<char, std::char_traits<char>, std::allocator<char> >, std::allocator<std::__cxx11::basic_string<char, std::char_traits<char>, std::allocator<char> > > >, std::vector<int, std::allocator<int> >, std::vector<float, std::allocator<float> >, std::vector<bool, std::allocator<bool> >}]::<lambda(auto:1&&)> mutable [with auto:1 = std::__cxx11::basic_string<char>&]	24	static
aligned_buffer.h:64:7:void* __gnu_cxx::__aligned_membuf<_Tp>::_M_addr() [with _Tp = std::vector<std::__cxx11::basic_string<char> >]	16	static
variant:385:13:>::_M_reset_impl() [with _Types = {int, float, bool, std::__cxx11::basic_string<char, std::char_traits<char>, std::allocator<char> >, std::vector<std::__cxx11::basic_string<char, std::char_traits<char>, std::allocator<char> >, std::allocator<std::__cxx11::basic_string<char, std::char_traits<char>, std::allocator<char> > > >, std::vector<int, std::allocator<int> >, std::vector<float, std::allocator<float> >, std::vector<bool, std::allocator<bool> >}]::<lambda(auto:1&&)> mutable [with auto:1 = std::vector<std::__cxx11::basic_string<char> >&]	24	static
aligned_buffer.h:64:7:void* __gnu_cxx::__aligned_membuf<_Tp>::_M_addr() [with _Tp = std::vector<int>]	16	static
variant:385:13:>::_M_reset_impl() [with _Types = {int, float, bool, std::__cxx11::basic_string<char, std::char_traits<char>, std::allocator<char> >, std::vector<std::__cxx11::basic_string<char, std::char_traits<char>, std::allocator<char> >, std::allocator<std::__cxx11::basic_string<char, std::char_traits<char>, std::allocator<char> > > >, std::vector<int, std::allocator<int> >, std::vector<float, std::allocator<float> >, std::vector<bool, std::allocator<bool> >}]::<lambda(auto:1&&)> mutable [with auto:1 = std::vector<int>&]	24	static
aligned_buffer.h:64:7:void* __gnu_cxx::__aligned_membuf<_Tp>::_M_addr() [with _Tp = std::vector<float>]	16	static
variant:385:13:>::_M_reset_impl() [with _Types = {int, float, bool, std::__cxx11::basic_string<char, std::char_traits<char>, std::allocator<char> >, std::vector<std::__cxx11::basic_string<char, std::char_traits<char>, std::allocator<char> >, std::allocator<std::__cxx11::basic_string<char, std::char_traits<char>, std::allocator<char> > > >, std::vector<int, std::allocator<int> >, std::vector<float, std::allocator<float> >, std::vector<bool, std::allocator<bool> >}]::<lambda(auto:1&&)> mutable [with auto:1 = std::vector<float>&]	24	static
aligned_buffer.h:64:7:void* __gnu_cxx::__aligned_membuf<_Tp>::_M_addr() [with _Tp = std::vector<bool>]	16	static
variant:385:13:>::_M_reset_impl() [with _Types = {int, float, bool, std::__cxx11::basic_string<char, std::char_traits<char>, std::allocator<char> >, std::vector<std::__cxx11::basic_string<char, std::char_traits<char>, std::allocator<char> >, std::allocator<std::__cxx11::basic_string<char, std::char_traits<char>, std::allocator<char> > > >, std::vector<int, std::allocator<int> >, std::vector<float, std::allocator<float> >, std::vector<bool, std::allocator<bool> >}]::<lambda(auto:1&&)> mutable [with auto:1 = std::vector<bool>&]	24	static
move.h:47:5:constexpr _Tp* std::__addressof(_Tp&) [with _Tp = int]	16	static
stl_construct.h:97:5:void std::_Destroy(_Tp*) [with _Tp = int]	16	static
move.h:47:5:constexpr _Tp* std::__addressof(_Tp&) [with _Tp = float]	16	static
stl_construct.h:97:5:void std::_Destroy(_Tp*) [with _Tp = float]	16	static
move.h:47:5:constexpr _Tp* std::__addressof(_Tp&) [with _Tp = bool]	16	static
stl_construct.h:97:5:void std::_Destroy(_Tp*) [with _Tp = bool]	16	static
move.h:47:5:constexpr _Tp* std::__addressof(_Tp&) [with _Tp = std::__cxx11::basic_string<char>]	16	static
stl_construct.h:97:5:void std::_Destroy(_Tp*) [with _Tp = std::__cxx11::basic_string<char>]	16	static
move.h:47:5:constexpr _Tp* std::__addressof(_Tp&) [with _Tp = std::vector<std::__cxx11::basic_string<char> >]	16	static
stl_construct.h:97:5:void std::_Destroy(_Tp*) [with _Tp = std::vector<std::__cxx11::basic_string<char> >]	16	static
move.h:47:5:constexpr _Tp* std::__addressof(_Tp&) [with _Tp = std::vector<int>]	16	static
stl_construct.h:97:5:void std::_Destroy(_Tp*) [with _Tp = std::vector<int>]	16	static
move.h:47:5:constexpr _Tp* std::__addressof(_Tp&) [with _Tp = std::vector<float>]	16	static
stl_construct.h:97:5:void std::_Destroy(_Tp*) [with _Tp = std::vector<float>]	16	static
move.h:47:5:constexpr _Tp* std::__addressof(_Tp&) [with _Tp = std::vector<bool>]	16	static
stl_construct.h:97:5:void std::_Destroy(_Tp*) [with _Tp = std::vector<bool>]	16	static
stl_vector.h:675:7:std::vector<_Tp, _Alloc>::~vector() [with _Tp = std::__cxx11::basic_string<char>; _Alloc = std::allocator<std::__cxx11::basic_string<char> >]	24	static
stl_vector.h:675:7:std::vector<_Tp, _Alloc>::~vector() [with _Tp = int; _Alloc = std::allocator<int>]	24	static
stl_vector.h:675:7:std::vector<_Tp, _Alloc>::~vector() [with _Tp = float; _Alloc = std::allocator<float>]	24	static
stl_bvector.h:714:7:std::vector<bool, _Alloc>::~vector() [with _Alloc = std::allocator<bool>]	16	static
stl_vector.h:125:14:std::_Vector_base<std::__cxx11::basic_string<char>, std::allocator<std::__cxx11::basic_string<char> > >::_Vector_impl::~_Vector_impl()	16	static
stl_vector.h:330:7:std::_Vector_base<_Tp, _Alloc>::~_Vector_base() [with _Tp = std::__cxx11::basic_string<char>; _Alloc = std::allocator<std::__cxx11::basic_string<char> >]	16	static
stl_vector.h:273:7:std::_Vector_base<_Tp, _Alloc>::_Tp_alloc_type& std::_Vector_base<_Tp, _Alloc>::_M_get_Tp_allocator() [with _Tp = std::__cxx11::basic_string<char>; _Alloc = std::allocator<std::__cxx11::basic_string<char> >]	16	static
stl_construct.h:203:5:void std::_Destroy(_ForwardIterator, _ForwardIterator, std::allocator<_Tp>&) [with _ForwardIterator = std::__cxx11::basic_string<char>*; _Tp = std::__cxx11::basic_string<char>]	24	static
stl_vector.h:125:14:std::_Vector_base<int, std::allocator<int> >::_Vector_impl::~_Vector_impl()	16	static
stl_vector.h:330:7:std::_Vector_base<_Tp, _Alloc>::~_Vector_base() [with _Tp = int; _Alloc = std::allocator<int>]	16	static
stl_vector.h:273:7:std::_Vector_base<_Tp, _Alloc>::_Tp_alloc_type& std::_Vector_base<_Tp, _Alloc>::_M_get_Tp_allocator() [with _Tp = int; _Alloc = std::allocator<int>]	16	static
stl_construct.h:203:5:void std::_Destroy(_ForwardIterator, _ForwardIterator, std::allocator<_Tp>&) [with _ForwardIterator = int*; _Tp = int]	24	static
stl_vector.h:125:14:std::_Vector_base<float, std::allocator<float> >::_Vector_impl::~_Vector_impl()	16	static
stl_vector.h:330:7:std::_Vector_base<_Tp, _Alloc>::~_Vector_base() [with _Tp = float; _Alloc = std::allocator<float>]	16	static
stl_vector.h:273:7:std::_Vector_base<_Tp, _Alloc>::_Tp_alloc_type& std::_Vector_base<_Tp, _Alloc>::_M_get_Tp_allocator() [with _Tp = float; _Alloc = std::allocator<float>]	16	static
stl_construct.h:203:5:void std::_Destroy(_ForwardIterator, _ForwardIterator, std::allocator<_Tp>&) [with _ForwardIterator = float*; _Tp = float]	24	static
stl_bvector.h:472:14:std::_Bvector_base<std::allocator<bool> >::_Bvector_impl::~_Bvector_impl()	16	static
stl_bvector.h:526:7:std::_Bvector_base<_Alloc>::~_Bvector_base() [with _Alloc = std::allocator<bool>]	16	static
allocator.h:153:7:std::allocator< <template-parameter-1-1> >::~allocator() [with _Tp = std::__cxx11::basic_string<char>]	16	static
stl_vector.h:347:7:void std::_Vector_base<_Tp, _Alloc>::_M_deallocate(std::_Vector_base<_Tp, _Alloc>::pointer, std::size_t) [with _Tp = std::__cxx11::basic_string<char>; _Alloc = std::allocator<std::__cxx11::basic_string<char> >]	24	static
stl_construct.h:127:5:void std::_Destroy(_ForwardIterator, _ForwardIterator) [with _ForwardIterator = std::__cxx11::basic_string<char>*]	16	static
allocator.h:153:7:std::allocator< <template-parameter-1-1> >::~allocator() [with _Tp = int]	16	static
stl_vector.h:347:7:void std::_Vector_base<_Tp, _Alloc>::_M_deallocate(std::_Vector_base<_Tp, _Alloc>::pointer, std::size_t) [with _Tp = int; _Alloc = std::allocator<int>]	24	static
stl_construct.h:127:5:void std::_Destroy(_ForwardIterator, _ForwardIterator) [with _ForwardIterator = int*]	16	static
allocator.h:153:7:std::allocator< <template-parameter-1-1> >::~allocator() [with _Tp = float]	16	static
stl_vector.h:347:7:void std::_Vector_base<_Tp, _Alloc>::_M_deallocate(std::_Vector_base<_Tp, _Alloc>::pointer, std::size_t) [with _Tp = float; _Alloc = std::allocator<float>]	24	static
stl_construct.h:127:5:void std::_Destroy(_ForwardIterator, _ForwardIterator) [with _ForwardIterator = float*]	16	static
allocator.h:153:7:std::allocator< <template-parameter-1-1> >::~allocator() [with _Tp = long unsigned int]	16	static
stl_bvector.h:537:7:void std::_Bvector_base<_Alloc>::_M_deallocate() [with _Alloc = std::allocator<bool>]	24	static
new_allocator.h:89:7:__gnu_cxx::new_allocator<_Tp>::~new_allocator() [with _Tp = std::__cxx11::basic_string<char>]	16	static
alloc_traits.h:469:7:static void std::allocator_traits<std::allocator<_Tp> >::deallocate(std::allocator_traits<std::allocator<_Tp> >::allocator_type&, std::allocator_traits<std::allocator<_Tp> >::pointer, std::allocator_traits<std::allocator<_Tp> >::size_type) [with _Tp = std::__cxx11::basic_string<char>]	24	static
stl_construct.h:105:9:static void std::_Destroy_aux<<anonymous> >::__destroy(_ForwardIterator, _ForwardIterator) [with _ForwardIterator = std::__cxx11::basic_string<char>*; bool <anonymous> = false]	16	static
new_allocator.h:89:7:__gnu_cxx::new_allocator<_Tp>::~new_allocator() [with _Tp = int]	16	static
alloc_traits.h:469:7:static void std::allocator_traits<std::allocator<_Tp> >::deallocate(std::allocator_traits<std::allocator<_Tp> >::allocator_type&, std::allocator_traits<std::allocator<_Tp> >::pointer, std::allocator_traits<std::allocator<_Tp> >::size_type) [with _Tp = int]	24	static
stl_construct.h:117:9:static void std::_Destroy_aux<true>::__destroy(_ForwardIterator, _ForwardIterator) [with _ForwardIterator = int*]	16	static
new_allocator.h:89:7:__gnu_cxx::new_allocator<_Tp>::~new_allocator() [with _Tp = float]	16	static
alloc_traits.h:469:7:static void std::allocator_traits<std::allocator<_Tp> >::deallocate(std::allocator_traits<std::allocator<_Tp> >::allocator_type&, std::allocator_traits<std::allocator<_Tp> >::pointer, std::allocator_traits<std::allocator<_Tp> >::size_type) [with _Tp = float]	24	static
stl_construct.h:117:9:static void std::_Destroy_aux<true>::__destroy(_ForwardIterator, _ForwardIterator) [with _ForwardIterator = float*]	16	static
new_allocator.h:89:7:__gnu_cxx::new_allocator<_Tp>::~new_allocator() [with _Tp = long unsigned int]	16	static
stl_bvector.h:490:2:std::_Bit_type* std::_Bvector_base<_Alloc>::_Bvector_impl::_M_end_addr() const [with _Alloc = std::allocator<bool>]	16	static
alloc_traits.h:469:7:static void std::allocator_traits<std::allocator<_Tp> >::deallocate(std::allocator_traits<std::allocator<_Tp> >::allocator_type&, std::allocator_traits<std::allocator<_Tp> >::pointer, std::allocator_traits<std::allocator<_Tp> >::size_type) [with _Tp = long unsigned int]	24	static
stl_bvector.h:465:2:void std::_Bvector_base<_Alloc>::_Bvector_impl_data::_M_reset() [with _Alloc = std::allocator<bool>]	24	static
new_allocator.h:119:7:void __gnu_cxx::new_allocator<_Tp>::deallocate(__gnu_cxx::new_allocator<_Tp>::pointer, __gnu_cxx::new_allocator<_Tp>::size_type) [with _Tp = std::__cxx11::basic_string<char>]	24	static
new_allocator.h:119:7:void __gnu_cxx::new_allocator<_Tp>::deallocate(__gnu_cxx::new_allocator<_Tp>::pointer, __gnu_cxx::new_allocator<_Tp>::size_type) [with _Tp = int]	24	static
new_allocator.h:119:7:void __gnu_cxx::new_allocator<_Tp>::deallocate(__gnu_cxx::new_allocator<_Tp>::pointer, __gnu_cxx::new_allocator<_Tp>::size_type) [with _Tp = float]	24	static
move.h:47:5:constexpr _Tp* std::__addressof(_Tp&) [with _Tp = long unsigned int]	16	static
new_allocator.h:119:7:void __gnu_cxx::new_allocator<_Tp>::deallocate(__gnu_cxx::new_allocator<_Tp>::pointer, __gnu_cxx::new_allocator<_Tp>::size_type) [with _Tp = long unsigned int]	24	static
stl_map.h:300:7:std::map<_Key, _Tp, _Compare, _Alloc>::~map() [with _Key = char; _Tp = double_token; _Compare = std::less<char>; _Alloc = std::allocator<std::pair<const char, double_token> >]	16	static
stl_map.h:300:7:std::map<_Key, _Tp, _Compare, _Alloc>::~map() [with _Key = std::__cxx11::basic_string<char>; _Tp = token_type; _Compare = std::less<std::__cxx11::basic_string<char> >; _Alloc = std::allocator<std::pair<const std::__cxx11::basic_string<char>, token_type> >]	16	static
stl_map.h:300:7:std::map<_Key, _Tp, _Compare, _Alloc>::~map() [with _Key = char; _Tp = token_type; _Compare = std::less<char>; _Alloc = std::allocator<std::pair<const char, token_type> >]	16	static
Variable_handler.cpp:22:1:void __static_initialization_and_destruction_0(int, int)	424	static
Variable_handler.cpp:22:1:cpp)	8	static
Variable_handler.cpp:22:1:cpp)	8	static
